Component: ARM Compiler 5.06 update 6 (build 750) Tool: armlink [4d35ed]

==============================================================================

Section Cross References

    startup_stm32f072xb.o(STACK) refers (Special) to heapauxi.o(.text) for __use_two_region_memory
    startup_stm32f072xb.o(HEAP) refers (Special) to heapauxi.o(.text) for __use_two_region_memory
    startup_stm32f072xb.o(RESET) refers (Special) to heapauxi.o(.text) for __use_two_region_memory
    startup_stm32f072xb.o(RESET) refers to startup_stm32f072xb.o(STACK) for __initial_sp
    startup_stm32f072xb.o(RESET) refers to startup_stm32f072xb.o(.text) for Reset_Handler
    startup_stm32f072xb.o(RESET) refers to stm32f0xx_it.o(i.NMI_Handler) for NMI_Handler
    startup_stm32f072xb.o(RESET) refers to stm32f0xx_it.o(i.HardFault_Handler) for HardFault_Handler
    startup_stm32f072xb.o(RESET) refers to stm32f0xx_it.o(i.SVC_Handler) for SVC_Handler
    startup_stm32f072xb.o(RESET) refers to stm32f0xx_it.o(i.PendSV_Handler) for PendSV_Handler
    startup_stm32f072xb.o(RESET) refers to stm32f0xx_it.o(i.SysTick_Handler) for SysTick_Handler
    startup_stm32f072xb.o(RESET) refers to stm32f0xx_it.o(i.EXTI2_3_IRQHandler) for EXTI2_3_IRQHandler
    startup_stm32f072xb.o(RESET) refers to stm32f0xx_it.o(i.DMA1_Channel1_IRQHandler) for DMA1_Channel1_IRQHandler
    startup_stm32f072xb.o(RESET) refers to stm32f0xx_it.o(i.TIM1_BRK_UP_TRG_COM_IRQHandler) for TIM1_BRK_UP_TRG_COM_IRQHandler
    startup_stm32f072xb.o(RESET) refers to stm32f0xx_it.o(i.TIM16_IRQHandler) for TIM16_IRQHandler
    startup_stm32f072xb.o(RESET) refers to stm32f0xx_it.o(i.USART1_IRQHandler) for USART1_IRQHandler
    startup_stm32f072xb.o(.text) refers (Special) to heapauxi.o(.text) for __use_two_region_memory
    startup_stm32f072xb.o(.text) refers to system_stm32f0xx.o(i.SystemInit) for SystemInit
    startup_stm32f072xb.o(.text) refers to __main.o(!!!main) for __main
    startup_stm32f072xb.o(.text) refers to startup_stm32f072xb.o(HEAP) for Heap_Mem
    startup_stm32f072xb.o(.text) refers to startup_stm32f072xb.o(STACK) for Stack_Mem
    main.o(i.Error_Handler) refers to stm32f0xx_hal_gpio.o(i.HAL_GPIO_WritePin) for HAL_GPIO_WritePin
    main.o(i.HAL_ADC_ConvCpltCallback) refers to main.o(.bss) for .bss
    main.o(i.HAL_TIM_PeriodElapsedCallback) refers to stm32f0xx_hal.o(i.HAL_IncTick) for HAL_IncTick
    main.o(i._Z14remapMemToSRAMv) refers to main.o(.RAMVectorTable) for .RAMVectorTable
    main.o(i._Z18SystemClock_Configv) refers to rt_memclr.o(.text) for __aeabi_memclr4
    main.o(i._Z18SystemClock_Configv) refers to stm32f0xx_hal_pwr.o(i.HAL_PWR_EnableBkUpAccess) for HAL_PWR_EnableBkUpAccess
    main.o(i._Z18SystemClock_Configv) refers to stm32f0xx_hal_rcc.o(i.HAL_RCC_OscConfig) for HAL_RCC_OscConfig
    main.o(i._Z18SystemClock_Configv) refers to main.o(i.Error_Handler) for Error_Handler
    main.o(i._Z18SystemClock_Configv) refers to stm32f0xx_hal_rcc.o(i.HAL_RCC_ClockConfig) for HAL_RCC_ClockConfig
    main.o(i._Z18SystemClock_Configv) refers to stm32f0xx_hal_rcc_ex.o(i.HAL_RCCEx_PeriphCLKConfig) for HAL_RCCEx_PeriphCLKConfig
    main.o(i._Z18SystemClock_Configv) refers to stm32f0xx_hal_rcc.o(i.HAL_RCC_MCOConfig) for HAL_RCC_MCOConfig
    main.o(i.__sti___8_main_cpp_debug) refers to debug_facilities.o(i._ZN11DebugHelperC1Ev) for DebugHelper::DebugHelper()
    main.o(i.__sti___8_main_cpp_debug) refers to aeabi_atexit.o(.text) for __aeabi_atexit
    main.o(i.__sti___8_main_cpp_debug) refers to cs_register.o(i._ZN6CS_regC1Ev) for CS_reg::CS_reg()
    main.o(i.__sti___8_main_cpp_debug) refers to status_reg.o(i._ZN10STATUS_regC1Ev) for STATUS_reg::STATUS_reg()
    main.o(i.__sti___8_main_cpp_debug) refers to mem.o(i._ZN6MemoryC1Eh) for Memory::Memory(unsigned char)
    main.o(i.__sti___8_main_cpp_debug) refers to mem_controller.o(i._ZN8Mem_ctrlC1EP6MemoryS1_S1_P6CS_reg) for Mem_ctrl::Mem_ctrl(Memory*, Memory*, Memory*, CS_reg*)
    main.o(i.__sti___8_main_cpp_debug) refers to peripherial_controller.o(i._ZN18PeripherialDevicesC1EP6CS_regP10STATUS_reg) for PeripherialDevices::PeripherialDevices(CS_reg*, STATUS_reg*)
    main.o(i.__sti___8_main_cpp_debug) refers to state.o(i._ZN5StateC1Ev) for State::State()
    main.o(i.__sti___8_main_cpp_debug) refers to screen_controller.o(i._ZN11Screen_ctrlC1Ev) for Screen_ctrl::Screen_ctrl()
    main.o(i.__sti___8_main_cpp_debug) refers to adc_controller.o(i._ZN14adc_controllerC1EP6CS_reg) for adc_controller::adc_controller(CS_reg*)
    main.o(i.__sti___8_main_cpp_debug) refers to main_controller.o(i._ZN15main_controllerC1EP11DebugHelperP8Mem_ctrlP18PeripherialDevicesP5StateP11Screen_ctrlP14adc_controller) for main_controller::main_controller(DebugHelper*, Mem_ctrl*, PeripherialDevices*, State*, Screen_ctrl*, adc_controller*)
    main.o(i.__sti___8_main_cpp_debug) refers to monitor.o(i._ZN7monitorC1EP15main_controller) for monitor::monitor(main_controller*)
    main.o(i.__sti___8_main_cpp_debug) refers to main.o(.data) for .data
[...]
    main_controller::main_controller__sub_object(DebugHelper*, Mem_ctrl*, PeripherialDevices*, State*, Screen_ctrl*, adc_controller*) 0x0800e905   Thumb Code     0  main_controller.o(i._ZN15main_controllerC1EP11DebugHelperP8Mem_ctrlP18PeripherialDevicesP5StateP11Screen_ctrlP14adc_controller)
    main_controller::~main_controller()      0x0800e977   Thumb Code     2  main_controller.o(i._ZN15main_controllerD1Ev)
    main_controller::~main_controller__sub_object() 0x0800e977   Thumb Code     0  main_controller.o(i._ZN15main_controllerD1Ev)
    PeripherialDevices::stop_motor()         0x0800e979   Thumb Code    24  peripherial_controller.o(i._ZN18PeripherialDevices10stop_motorEv)
    PeripherialDevices::start_motor()        0x0800e995   Thumb Code    28  peripherial_controller.o(i._ZN18PeripherialDevices11start_motorEv)
    PeripherialDevices::read_counter()       0x0800e9b5   Thumb Code    18  peripherial_controller.o(i._ZN18PeripherialDevices12read_counterEv)
    PeripherialDevices::toggle_motor()       0x0800e9c7   Thumb Code    26  peripherial_controller.o(i._ZN18PeripherialDevices12toggle_motorEv)
    PeripherialDevices::clear_counter()      0x0800e9e1   Thumb Code    12  peripherial_controller.o(i._ZN18PeripherialDevices13clear_counterEv)
    PeripherialDevices::reverse_motor()      0x0800e9ed   Thumb Code    10  peripherial_controller.o(i._ZN18PeripherialDevices13reverse_motorEv)
    PeripherialDevices::start_motor_pwm()    0x0800e9f9   Thumb Code    80  peripherial_controller.o(i._ZN18PeripherialDevices15start_motor_pwmEv)
    PeripherialDevices::read()               0x0800ea51   Thumb Code    28  peripherial_controller.o(i._ZN18PeripherialDevices4readEv)
    PeripherialDevices::star_wars()          0x0800ea6d   Thumb Code   188  peripherial_controller.o(i._ZN18PeripherialDevices9star_warsEv)
    PeripherialDevices::PeripherialDevices(CS_reg*, STATUS_reg*) 0x0800eb2d   Thumb Code    10  peripherial_controller.o(i._ZN18PeripherialDevicesC1EP6CS_regP10STATUS_reg)
    PeripherialDevices::PeripherialDevices__sub_object(CS_reg*, STATUS_reg*) 0x0800eb2d   Thumb Code     0  peripherial_controller.o(i._ZN18PeripherialDevicesC1EP6CS_regP10STATUS_reg)
    PeripherialDevices::~PeripherialDevices() 0x0800eb37   Thumb Code     2  peripherial_controller.o(i._ZN18PeripherialDevicesD1Ev)
    PeripherialDevices::~PeripherialDevices__sub_object() 0x0800eb37   Thumb Code     0  peripherial_controller.o(i._ZN18PeripherialDevicesD1Ev)
    State::read_interlock()                  0x0800eb39   Thumb Code    96  state.o(i._ZN5State14read_interlockEv)
    State::init_first_step()                 0x0800eba1   Thumb Code   210  state.o(i._ZN5State15init_first_stepEv)
    State::State()                           0x0800ec85   Thumb Code    10  state.o(i._ZN5StateC1Ev)
    State::State__sub_object()               0x0800ec85   Thumb Code     0  state.o(i._ZN5StateC1Ev)
    State::~State()                          0x0800ec8f   Thumb Code     2  state.o(i._ZN5StateD1Ev)
    State::~State__sub_object()              0x0800ec8f   Thumb Code     0  state.o(i._ZN5StateD1Ev)
    CS_reg::cs_generic(GPIO_PinState, cs_decoder) 0x0800ec91   Thumb Code   158  cs_register.o(i._ZN6CS_reg10cs_genericE13GPIO_PinState10cs_decoder)
    CS_reg::store_register()                 0x0800ed3d   Thumb Code    20  cs_register.o(i._ZN6CS_reg14store_registerEv)
    CS_reg::motor_cmd_tight(bool)            0x0800ed55   Thumb Code   160  cs_register.o(i._ZN6CS_reg15motor_cmd_tightEb)
    CS_reg::motor_cmd_reverse()              0x0800edfd   Thumb Code    64  cs_register.o(i._ZN6CS_reg17motor_cmd_reverseEv)
    CS_reg::pull_chipselet_line(GPIO_PinState) 0x0800ee41   Thumb Code    16  cs_register.o(i._ZN6CS_reg19pull_chipselet_lineE13GPIO_PinState)
    CS_reg::read_back_current_cs()           0x0800ee51   Thumb Code   100  cs_register.o(i._ZN6CS_reg20read_back_current_csEv)
    CS_reg::cs_clear_opto_counter(GPIO_PinState) 0x0800eefd   Thumb Code    22  cs_register.o(i._ZN6CS_reg21cs_clear_opto_counterE13GPIO_PinState)
    CS_reg::cs1(GPIO_PinState)               0x0800ef15   Thumb Code   148  cs_register.o(i._ZN6CS_reg3cs1E13GPIO_PinState)
    CS_reg::cs2(GPIO_PinState)               0x0800efb1   Thumb Code    22  cs_register.o(i._ZN6CS_reg3cs2E13GPIO_PinState)
    CS_reg::cs3(GPIO_PinState)               0x0800efc7   Thumb Code    22  cs_register.o(i._ZN6CS_reg3cs3E13GPIO_PinState)
    CS_reg::cs_a2d(GPIO_PinState)            0x0800efdd   Thumb Code    46  cs_register.o(i._ZN6CS_reg6cs_a2dE13GPIO_PinState)
    CS_reg::cs_status(GPIO_PinState)         0x0800f011   Thumb Code    22  cs_register.o(i._ZN6CS_reg9cs_statusE13GPIO_PinState)
    CS_reg::set_value(unsigned char)         0x0800f029   Thumb Code    58  cs_register.o(i._ZN6CS_reg9set_valueEh)
    CS_reg::CS_reg()                         0x0800f069   Thumb Code    24  cs_register.o(i._ZN6CS_regC1Ev)
    CS_reg::CS_reg__sub_object()             0x0800f069   Thumb Code     0  cs_register.o(i._ZN6CS_regC1Ev)
    CS_reg::~CS_reg()                        0x0800f081   Thumb Code     2  cs_register.o(i._ZN6CS_regD1Ev)
    CS_reg::~CS_reg__sub_object()            0x0800f081   Thumb Code     0  cs_register.o(i._ZN6CS_regD1Ev)
    Memory::print_status()                   0x0800f085   Thumb Code   124  mem.o(i._ZN6Memory12print_statusEv)
    Memory::write_enable()                   0x0800f109   Thumb Code    20  mem.o(i._ZN6Memory12write_enableEv)
    Memory::write_disable()                  0x0800f121   Thumb Code    20  mem.o(i._ZN6Memory13write_disableEv)
    Memory::read_status_register1()          0x0800f139   Thumb Code    36  mem.o(i._ZN6Memory21read_status_register1Ev)
    Memory::read_status_register2()          0x0800f161   Thumb Code    36  mem.o(i._ZN6Memory21read_status_register2Ev)
    Memory::write_status_register(unsigned short) 0x0800f189   Thumb Code    28  mem.o(i._ZN6Memory21write_status_registerEt)
    Memory::read(unsigned)                   0x0800f1a9   Thumb Code    68  mem.o(i._ZN6Memory4readEj)
    Memory::erase(unsigned)                  0x0800f1f1   Thumb Code    46  mem.o(i._ZN6Memory5eraseEj)
    Memory::erase()                          0x0800f225   Thumb Code    20  mem.o(i._ZN6Memory5eraseEv)
    Memory::write(unsigned, unsigned)        0x0800f23d   Thumb Code    76  mem.o(i._ZN6Memory5writeEjj)
    Memory::get_id()                         0x0800f28d   Thumb Code    34  mem.o(i._ZN6Memory6get_idEv)
    Memory::read16(unsigned)                 0x0800f2b5   Thumb Code   182  mem.o(i._ZN6Memory6read16Ej)
    Memory::check_id()                       0x0800f3f1   Thumb Code    32  mem.o(i._ZN6Memory8check_idEv)
    Memory::Memory(unsigned char)            0x0800f411   Thumb Code    64  mem.o(i._ZN6MemoryC1Eh)
    Memory::Memory__sub_object(unsigned char) 0x0800f411   Thumb Code     0  mem.o(i._ZN6MemoryC1Eh)
    Memory::~Memory()                        0x0800f45d   Thumb Code     2  mem.o(i._ZN6MemoryD1Ev)
    Memory::~Memory__sub_object()            0x0800f45d   Thumb Code     0  mem.o(i._ZN6MemoryD1Ev)
    monitor::rx_pattern()                    0x0800f461   Thumb Code    80  monitor.o(i._ZN7monitor10rx_patternEv)
    monitor::rx_set_date()                   0x0800f4dd   Thumb Code    62  monitor.o(i._ZN7monitor11rx_set_dateEv)
    monitor::rx_set_maxi()                   0x0800f525   Thumb Code    62  monitor.o(i._ZN7monitor11rx_set_maxiEv)
    monitor::rx_go_active()                  0x0800f56d   Thumb Code    38  monitor.o(i._ZN7monitor12rx_go_activeEv)
    monitor::rx_read_back()                  0x0800f593   Thumb Code    12  monitor.o(i._ZN7monitor12rx_read_backEv)
    monitor::rx_test_read()                  0x0800f5a1   Thumb Code   180  monitor.o(i._ZN7monitor12rx_test_readEv)
    monitor::rx_get_man_id()                 0x0800f67d   Thumb Code    26  monitor.o(i._ZN7monitor13rx_get_man_idEv)
    monitor::rx_set_serial()                 0x0800f699   Thumb Code    96  monitor.o(i._ZN7monitor13rx_set_serialEv)
    monitor::rx_stop_motor()                 0x0800f701   Thumb Code    36  monitor.o(i._ZN7monitor13rx_stop_motorEv)
    monitor::rx_find_pulses()                0x0800f729   Thumb Code    62  monitor.o(i._ZN7monitor14rx_find_pulsesEv)
    monitor::rx_start_motor()                0x0800f78d   Thumb Code    36  monitor.o(i._ZN7monitor14rx_start_motorEv)
    monitor::rx_status_read()                0x0800f7b5   Thumb Code    26  monitor.o(i._ZN7monitor14rx_status_readEv)
    monitor::serial_consume()                0x0800f7d1   Thumb Code   346  monitor.o(i._ZN7monitor14serial_consumeEv)
    monitor::rx_status_write()               0x0800f945   Thumb Code    42  monitor.o(i._ZN7monitor15rx_status_writeEv)
    monitor::parse_input_uart()              0x0800f971   Thumb Code  1532  monitor.o(i._ZN7monitor16parse_input_uartEv)
    monitor::rx_reverse_motor()              0x0800ff99   Thumb Code    12  monitor.o(i._ZN7monitor16rx_reverse_motorEv)
    monitor::rx_status_reg_read()            0x0800ffa5   Thumb Code    24  monitor.o(i._ZN7monitor18rx_status_reg_readEv)
    monitor::rx_get_man_id_check()           0x0800ffbd   Thumb Code   116  monitor.o(i._ZN7monitor19rx_get_man_id_checkEv)
    monitor::rx_adc()                        0x0801005d   Thumb Code    86  monitor.o(i._ZN7monitor6rx_adcEv)
    monitor::rx_exit()                       0x080100b5   Thumb Code    18  monitor.o(i._ZN7monitor7rx_exitEv)
    monitor::rx_nuke()                       0x080100d1   Thumb Code    26  monitor.o(i._ZN7monitor7rx_nukeEv)
    monitor::rx_pass()                       0x080100eb   Thumb Code    24  monitor.o(i._ZN7monitor7rx_passEv)
    monitor::rx_read()                       0x08010105   Thumb Code    64  monitor.o(i._ZN7monitor7rx_readEv)
    monitor::rx_scan(unsigned char, unsigned) 0x0801016d   Thumb Code    12  monitor.o(i._ZN7monitor7rx_scanEhj)
    monitor::rx_scan()                       0x08010179   Thumb Code    64  monitor.o(i._ZN7monitor7rx_scanEv)
    monitor::rx_blink()                      0x080101c5   Thumb Code    96  monitor.o(i._ZN7monitor8rx_blinkEv)
    monitor::rx_debug()                      0x08010265   Thumb Code    20  monitor.o(i._ZN7monitor8rx_debugEv)
    monitor::rx_erase()                      0x08010279   Thumb Code    66  monitor.o(i._ZN7monitor8rx_eraseEv)
    monitor::rx_write()                      0x080102d9   Thumb Code   116  monitor.o(i._ZN7monitor8rx_writeEv)
    monitor::monitor(main_controller*)       0x08010399   Thumb Code    46  monitor.o(i._ZN7monitorC1EP15main_controller)
    monitor::monitor__sub_object(main_controller*) 0x08010399   Thumb Code     0  monitor.o(i._ZN7monitorC1EP15main_controller)
    monitor::~monitor()                      0x080103cd   Thumb Code     2  monitor.o(i._ZN7monitorD1Ev)
    monitor::~monitor__sub_object()          0x080103cd   Thumb Code     0  monitor.o(i._ZN7monitorD1Ev)
    Mem_ctrl::get_serial(unsigned char)      0x080103d1   Thumb Code    52  mem_controller.o(i._ZN8Mem_ctrl10get_serialEh)
    Mem_ctrl::get_serial()                   0x0801041d   Thumb Code    20  mem_controller.o(i._ZN8Mem_ctrl10get_serialEv)
    Mem_ctrl::write_once(unsigned char, unsigned, unsigned) 0x08010431   Thumb Code   264  mem_controller.o(i._ZN8Mem_ctrl10write_onceEhjj)
    Mem_ctrl::get_ap_offset()                0x080105f5   Thumb Code   222  mem_controller.o(i._ZN8Mem_ctrl13get_ap_offsetEv)
    Mem_ctrl::poll_complete(unsigned char, unsigned) 0x08010705   Thumb Code   130  mem_controller.o(i._ZN8Mem_ctrl13poll_completeEhj)
    Mem_ctrl::print_register(unsigned char)  0x080107c5   Thumb Code    68  mem_controller.o(i._ZN8Mem_ctrl14print_registerEh)
    Mem_ctrl::write_register(unsigned char, unsigned short) 0x08010809   Thumb Code    66  mem_controller.o(i._ZN8Mem_ctrl14write_registerEht)
    Mem_ctrl::binary_and_patch()             0x0801084d   Thumb Code   608  mem_controller.o(i._ZN8Mem_ctrl16binary_and_patchEv)
    Mem_ctrl::chip_select_pull(unsigned char, GPIO_PinState) 0x08010b55   Thumb Code    56  mem_controller.o(i._ZN8Mem_ctrl16chip_select_pullEh13GPIO_PinState)
    Mem_ctrl::check_connections(unsigned char) 0x08010b8d   Thumb Code    32  mem_controller.o(i._ZN8Mem_ctrl17check_connectionsEh)
    Mem_ctrl::check_connections()            0x08010bad   Thumb Code    40  mem_controller.o(i._ZN8Mem_ctrl17check_connectionsEv)
    Mem_ctrl::read_skip_problems(unsigned char, unsigned) 0x08010bd9   Thumb Code    62  mem_controller.o(i._ZN8Mem_ctrl18read_skip_problemsEhj)
    Mem_ctrl::read_back_current_cs()         0x08010c17   Thumb Code    10  mem_controller.o(i._ZN8Mem_ctrl20read_back_current_csEv)
    Mem_ctrl::check_connections_with_printback(unsigned char) 0x08010c21   Thumb Code    60  mem_controller.o(i._ZN8Mem_ctrl32check_connections_with_printbackEh)
    Mem_ctrl::read(unsigned char, unsigned)  0x08010c85   Thumb Code     8  mem_controller.o(i._ZN8Mem_ctrl4readEhj)
    Mem_ctrl::erase(unsigned char)           0x08010c8d   Thumb Code    62  mem_controller.o(i._ZN8Mem_ctrl5eraseEh)
    Mem_ctrl::erase(unsigned char, unsigned) 0x08010ccb   Thumb Code    66  mem_controller.o(i._ZN8Mem_ctrl5eraseEhj)
    Mem_ctrl::write(unsigned char, unsigned, unsigned) 0x08010d0d   Thumb Code    38  mem_controller.o(i._ZN8Mem_ctrl5writeEhjj)
    Mem_ctrl::get_max(unsigned char)         0x08010d35   Thumb Code    36  mem_controller.o(i._ZN8Mem_ctrl7get_maxEh)
    Mem_ctrl::get_max()                      0x08010d5d   Thumb Code    16  mem_controller.o(i._ZN8Mem_ctrl7get_maxEv)
    Mem_ctrl::read256(unsigned char, unsigned) 0x08010d6d   Thumb Code    52  mem_controller.o(i._ZN8Mem_ctrl7read256Ehj)
    Mem_ctrl::get_date(unsigned char)        0x08010da1   Thumb Code    36  mem_controller.o(i._ZN8Mem_ctrl8get_dateEh)
    Mem_ctrl::get_date()                     0x08010dc9   Thumb Code    16  mem_controller.o(i._ZN8Mem_ctrl8get_dateEv)
    Mem_ctrl::LOG_DEBUG(unsigned, unsigned, unsigned, unsigned) 0x08010dd9   Thumb Code    12  mem_controller.o(i._ZN8Mem_ctrl9LOG_DEBUGEjjjj)
    Mem_ctrl::LOG_WRITE(stall_log_out)       0x08010de5   Thumb Code   148  mem_controller.o(i._ZN8Mem_ctrl9LOG_WRITEE13stall_log_out)
    Mem_ctrl::read_once(unsigned char, unsigned) 0x08010e7d   Thumb Code    36  mem_controller.o(i._ZN8Mem_ctrl9read_onceEhj)
    Mem_ctrl::Mem_ctrl(Memory*, Memory*, Memory*, CS_reg*) 0x08010ea1   Thumb Code    14  mem_controller.o(i._ZN8Mem_ctrlC1EP6MemoryS1_S1_P6CS_reg)
    Mem_ctrl::Mem_ctrl__sub_object(Memory*, Memory*, Memory*, CS_reg*) 0x08010ea1   Thumb Code     0  mem_controller.o(i._ZN8Mem_ctrlC1EP6MemoryS1_S1_P6CS_reg)
    Mem_ctrl::~Mem_ctrl()                    0x08010eaf   Thumb Code     2  mem_controller.o(i._ZN8Mem_ctrlD1Ev)
    Mem_ctrl::~Mem_ctrl__sub_object()        0x08010eaf   Thumb Code     0  mem_controller.o(i._ZN8Mem_ctrlD1Ev)
    __ARM_common_switch8                     0x08010eb1   Thumb Code    26  main.o(i.__ARM_common_switch8)
    __cxa_guard_acquire                      0x08010ecb   Thumb Code    18  cxa_guard_acquire.o(i.__cxa_guard_acquire)
    _is_digit                                0x08011021   Thumb Code    14  __printf_wp.o(i._is_digit)
    cs3                                      0x0801102f   Thumb Code    12  stm32f0xx_it.o(i.cs3)
    cs_generic                               0x0801103d   Thumb Code    46  stm32f0xx_it.o(i.cs_generic)
    delay                                    0x08011071   Thumb Code    18  common.o(i.delay)
    delay_with_watchdog                      0x08011089   Thumb Code    40  common.o(i.delay_with_watchdog)
    main                                     0x080110b5   Thumb Code   480  main.o(i.main)
    pull_chipselet_line                      0x080112bd   Thumb Code    16  stm32f0xx_it.o(i.pull_chipselet_line)
    read                                     0x080112cd   Thumb Code    68  stm32f0xx_it.o(i.read)
    read_reset_button                        0x08011315   Thumb Code    12  stm32f0xx_it.o(i.read_reset_button)
    read_reset_button_aux                    0x08011325   Thumb Code    22  common.o(i.read_reset_button_aux)
    test_for_reset_press                     0x08011341   Thumb Code    40  stm32f0xx_it.o(i.test_for_reset_press)
    test_for_reset_press_aux                 0x08011371   Thumb Code    40  common.o(i.test_for_reset_press_aux)
    translate_address_to_int                 0x080113a1   Thumb Code    22  common.o(i.translate_address_to_int)
    translate_int_to_address                 0x080113b7   Thumb Code    12  common.o(i.translate_int_to_address)
    translate_int_to_arr                     0x080113c3   Thumb Code    16  common.o(i.translate_int_to_arr)
    write                                    0x080113d5   Thumb Code    76  stm32f0xx_it.o(i.write)
    write_disable                            0x08011425   Thumb Code    20  stm32f0xx_it.o(i.write_disable)
    write_enable                             0x0801143d   Thumb Code    20  stm32f0xx_it.o(i.write_enable)
    write_once                               0x08011455   Thumb Code   178  stm32f0xx_it.o(i.write_once)
    _get_lc_ctype                            0x0801150d   Thumb Code    44  lc_ctype_c.o(locale$$code)
    AHBPrescTable                            0x08011d39   Data          16  system_stm32f0xx.o(.constdata)
    APBPrescTable                            0x08011d49   Data           8  system_stm32f0xx.o(.constdata)
    Region$$Table$$Base                      0x08012028   Number         0  anon$$obj.o(Region$$Table)
    Region$$Table$$Limit                     0x08012048   Number         0  anon$$obj.o(Region$$Table)
    __ctype                                  0x08012055   Data           0  lc_ctype_c.o(locale$$data)
    SHT$$INIT_ARRAY$$Base                    0x08012158   Number         0  main.o(.init_array)
    SHT$$INIT_ARRAY$$Limit                   0x0801215c   Number         0  init_aeabi.o(.init_array)
    VectorTable                              0x20000000   Data         192  main.o(.RAMVectorTable)
    WATCHDOG_IS_ENABLED                      0x200000c0   Data           1  main.o(.data)
    status_register                          0x200000c1   Data           1  main.o(.data)
    cycle                                    0x200000c4   Data           4  main.o(.data)
    timer_last_update                        0x200000c8   Data           4  main.o(.data)
    timer_last_update_diff                   0x200000cc   Data           4  main.o(.data)
    debug                                    0x200000d0   Data           6  main.o(.data)
    memory_extern                            0x200000d8   Data           4  main.o(.data)
    RESET_PRESSED                            0x200000dc   Data           1  main.o(.data)
    COUNTER_V                                0x200000dd   Data           1  main.o(.data)
    reset_button_instead_of_fire             0x200000de   Data           1  main.o(.data)
    uwTick                                   0x200002d4   Data           4  stm32f0xx_hal.o(.data)
    SystemCoreClock                          0x200002d8   Data           4  system_stm32f0xx.o(.data)
    main_controller::read_interlock()::history 0x200002dc   Data           2  main.o(.data__ZZN15main_controller14read_interlockEvE7history)
    cs_register                              0x200002e0   Data          10  main.o(.bss)
    memory_am                                0x200002ec   Data          32  main.o(.bss)
    memory_apt                               0x2000030c   Data          32  main.o(.bss)
    memory_mcu                               0x2000032c   Data          32  main.o(.bss)
    memory_controller                        0x2000034c   Data          16  main.o(.bss)
    ph_device                                0x2000035c   Data          12  main.o(.bss)
    state                                    0x20000368   Data          20  main.o(.bss)
    screen                                   0x2000037c   Data          20  main.o(.bss)
    c_adc_controller                         0x20000390   Data          88  main.o(.bss)
    grand_ctrl                               0x200003e8   Data         164  main.o(.bss)
    monitor_controller                       0x2000048c   Data          68  main.o(.bss)
    pf_memory                                0x200004d0   Data          28  main.o(.bss)
    aPacketData                              0x200004ec   Data        1029  main.o(.bss)
    BUFFER_RX                                0x200008f1   Data         256  main.o(.bss)
    BUFFER_SCREEN                            0x200009f1   Data         256  main.o(.bss)
    BUFFER_SCREEN_WITH_CRC                   0x20000af1   Data         256  main.o(.bss)
    hadc                                     0x20000ffc   Data          76  adc.o(.bss)
    hdma_adc                                 0x20001048   Data          68  adc.o(.bss)
    hcrc                                     0x2000108c   Data          36  crc.o(.bss)
    hrtc                                     0x200010b0   Data          32  rtc.o(.bss)
    hspi1                                    0x200010d0   Data         100  spi.o(.bss)
    htim2                                    0x20001134   Data          64  tim.o(.bss)
    htim3                                    0x20001174   Data          64  tim.o(.bss)
    htim16                                   0x200011b4   Data          64  tim.o(.bss)
    huart1                                   0x200011f4   Data         112  usart.o(.bss)
    huart2                                   0x20001264   Data         112  usart.o(.bss)
    htim1                                    0x200012d4   Data          64  stm32f0xx_hal_timebase_tim.o(.bss)
    __libspace_start                         0x20001314   Data          96  libspace.o(.bss)
    __temporary_stack_top$libspace           0x20001374   Data           0  libspace.o(.bss)



==============================================================================

Memory Map of the image

  Image Entry point : 0x080080c1

  Load Region LR_IROM1 (Base: 0x08008000, Size: 0x0000a43c, Max: 0x00018000, ABSOLUTE, COMPRESSED[0x0000a264])

    Execution Region ER_IROM1 (Exec base: 0x08008000, Load base: 0x08008000, Size: 0x0000a15c, Max: 0x00018000, ABSOLUTE)

    Exec Addr    Load Addr    Size         Type   Attr      Idx    E Section Name        Object

    0x08008000   0x08008000   0x000000c0   Data   RO            3    RESET               startup_stm32f072xb.o
    0x080080c0   0x080080c0   0x00000008   Code   RO         6511  * !!!main             c_p.l(__main.o)
    0x080080c8   0x080080c8   0x0000003c   Code   RO         6848    !!!scatter          c_p.l(__scatter.o)
    0x08008104   0x08008104   0x0000001c   Code   RO         6850    !!handler_zi        c_p.l(__scatter_zi.o)
    0x08008120   0x08008120   0x00000002   Code   RO         6484    .ARM.Collect$$_printf_percent$$00000000  c_p.l(_printf_percent.o)
    0x08008122   0x08008122   0x0000000a   Code   RO         6482    .ARM.Collect$$_printf_percent$$00000009  c_p.l(_printf_d.o)
    0x0800812c   0x0800812c   0x0000000a   Code   RO         6483    .ARM.Collect$$_printf_percent$$0000000A  c_p.l(_printf_u.o)
    0x08008136   0x08008136   0x0000000a   Code   RO         6481    .ARM.Collect$$_printf_percent$$0000000C  c_p.l(_printf_x.o)
    0x08008140   0x08008140   0x0000000a   Code   RO         6480    .ARM.Collect$$_printf_percent$$00000014  c_p.l(_printf_s.o)
    0x0800814a   0x0800814a   0x00000004   Code   RO         6606    .ARM.Collect$$_printf_percent$$00000017  c_p.l(_printf_percent_end.o)
    0x0800814e   0x0800814e   0x00000002   Code   RO         6789    .ARM.Collect$$libinit$$00000000  c_p.l(libinit.o)
    0x08008150   0x08008150   0x00000000   Code   RO         6617    .ARM.Collect$$libinit$$00000002  c_p.l(libinit2.o)
    0x08008150   0x08008150   0x00000000   Code   RO         6619    .ARM.Collect$$libinit$$00000004  c_p.l(libinit2.o)
    0x08008150   0x08008150   0x00000008   Code   RO         6620    .ARM.Collect$$libinit$$00000005  c_p.l(libinit2.o)
    0x08008158   0x08008158   0x00000000   Code   RO         6622    .ARM.Collect$$libinit$$0000000A  c_p.l(libinit2.o)
    0x08008158   0x08008158   0x00000000   Code   RO         6624    .ARM.Collect$$libinit$$0000000C  c_p.l(libinit2.o)
    0x08008158   0x08008158   0x00000000   Code   RO         6626    .ARM.Collect$$libinit$$0000000E  c_p.l(libinit2.o)
    0x08008158   0x08008158   0x00000006   Code   RO         6627    .ARM.Collect$$libinit$$0000000F  c_p.l(libinit2.o)
    0x0800815e   0x0800815e   0x00000000   Code   RO         6629    .ARM.Collect$$libinit$$00000011  c_p.l(libinit2.o)
    0x0800815e   0x0800815e   0x0000000c   Code   RO         6630    .ARM.Collect$$libinit$$00000012  c_p.l(libinit2.o)
    0x0800816a   0x0800816a   0x00000000   Code   RO         6631    .ARM.Collect$$libinit$$00000013  c_p.l(libinit2.o)
    0x0800816a   0x0800816a   0x00000000   Code   RO         6633    .ARM.Collect$$libinit$$00000015  c_p.l(libinit2.o)
    0x0800816a   0x0800816a   0x00000000   Code   RO         6635    .ARM.Collect$$libinit$$00000017  c_p.l(libinit2.o)
    0x0800816a   0x0800816a   0x00000000   Code   RO         6637    .ARM.Collect$$libinit$$00000019  c_p.l(libinit2.o)
    0x0800816a   0x0800816a   0x00000000   Code   RO         6639    .ARM.Collect$$libinit$$0000001B  c_p.l(libinit2.o)
    0x0800816a   0x0800816a   0x00000000   Code   RO         6641    .ARM.Collect$$libinit$$0000001D  c_p.l(libinit2.o)
    0x0800816a   0x0800816a   0x00000000   Code   RO         6643    .ARM.Collect$$libinit$$0000001F  c_p.l(libinit2.o)
    0x0800816a   0x0800816a   0x00000000   Code   RO         6645    .ARM.Collect$$libinit$$00000021  c_p.l(libinit2.o)
    0x0800816a   0x0800816a   0x00000000   Code   RO         6647    .ARM.Collect$$libinit$$00000023  c_p.l(libinit2.o)
    0x0800816a   0x0800816a   0x00000000   Code   RO         6649    .ARM.Collect$$libinit$$00000025  c_p.l(libinit2.o)
    0x0800816a   0x0800816a   0x00000000   Code   RO         6653    .ARM.Collect$$libinit$$0000002C  c_p.l(libinit2.o)
    0x0800816a   0x0800816a   0x00000000   Code   RO         6655    .ARM.Collect$$libinit$$0000002E  c_p.l(libinit2.o)
    0x0800816a   0x0800816a   0x00000000   Code   RO         6657    .ARM.Collect$$libinit$$00000030  c_p.l(libinit2.o)
    0x0800816a   0x0800816a   0x00000004   Code   RO         6658    .ARM.Collect$$libinit$$00000031  c_p.l(libinit2.o)
    0x0800816e   0x0800816e   0x00000000   Code   RO         6659    .ARM.Collect$$libinit$$00000032  c_p.l(libinit2.o)
    0x0800816e   0x0800816e   0x00000002   Code   RO         6660    .ARM.Collect$$libinit$$00000033  c_p.l(libinit2.o)
    0x08008170   0x08008170   0x00000002   Code   RO         6829    .ARM.Collect$$libshutdown$$00000000  c_p.l(libshutdown.o)
    0x08008172   0x08008172   0x00000006   Code   RO         6734    .ARM.Collect$$libshutdown$$00000001  c_p.l(libshutdown2.o)
    0x08008178   0x08008178   0x00000000   Code   RO         6735    .ARM.Collect$$libshutdown$$00000002  c_p.l(libshutdown2.o)
    0x08008178   0x08008178   0x00000000   Code   RO         6737    .ARM.Collect$$libshutdown$$00000004  c_p.l(libshutdown2.o)
    0x08008178   0x08008178   0x00000000   Code   RO         6740    .ARM.Collect$$libshutdown$$00000007  c_p.l(libshutdown2.o)
    0x08008178   0x08008178   0x00000000   Code   RO         6743    .ARM.Collect$$libshutdown$$0000000A  c_p.l(libshutdown2.o)
    0x08008178   0x08008178   0x00000000   Code   RO         6745    .ARM.Collect$$libshutdown$$0000000C  c_p.l(libshutdown2.o)
    0x08008178   0x08008178   0x00000000   Code   RO         6748    .ARM.Collect$$libshutdown$$0000000F  c_p.l(libshutdown2.o)
    0x08008178   0x08008178   0x00000002   Code   RO         6749    .ARM.Collect$$libshutdown$$00000010  c_p.l(libshutdown2.o)
    0x0800817a   0x0800817a   0x00000000   Code   RO         6525    .ARM.Collect$$rtentry$$00000000  c_p.l(__rtentry.o)
    0x0800817a   0x0800817a   0x00000000   Code   RO         6667    .ARM.Collect$$rtentry$$00000002  c_p.l(__rtentry2.o)
    0x0800817a   0x0800817a   0x00000006   Code   RO         6679    .ARM.Collect$$rtentry$$00000004  c_p.l(__rtentry4.o)
    0x08008180   0x08008180   0x00000000   Code   RO         6669    .ARM.Collect$$rtentry$$00000009  c_p.l(__rtentry2.o)
    0x08008180   0x08008180   0x00000004   Code   RO         6670    .ARM.Collect$$rtentry$$0000000A  c_p.l(__rtentry2.o)
    0x08008184   0x08008184   0x00000000   Code   RO         6672    .ARM.Collect$$rtentry$$0000000C  c_p.l(__rtentry2.o)
    0x08008184   0x08008184   0x00000008   Code   RO         6673    .ARM.Collect$$rtentry$$0000000D  c_p.l(__rtentry2.o)
    0x0800818c   0x0800818c   0x00000002   Code   RO         6794    .ARM.Collect$$rtexit$$00000000  c_p.l(rtexit.o)
    0x0800818e   0x0800818e   0x00000000   Code   RO         6809    .ARM.Collect$$rtexit$$00000002  c_p.l(rtexit2.o)
    0x0800818e   0x0800818e   0x00000004   Code   RO         6810    .ARM.Collect$$rtexit$$00000003  c_p.l(rtexit2.o)
    0x08008192   0x08008192   0x00000006   Code   RO         6811    .ARM.Collect$$rtexit$$00000004  c_p.l(rtexit2.o)
    0x08008198   0x08008198   0x00000038   Code   RO         6497    .emb_text           c_p.l(rt_memcpy.o)
    0x080081d0   0x080081d0   0x00000000   Code   RO         6759    .emb_text           c_p.l(maybetermalloc1.o)
    0x080081d0   0x080081d0   0x00000038   Code   RO            4    .text               startup_stm32f072xb.o
    0x08008208   0x08008208   0x00000028   Code   RO         6429    .text               c_p.l(noretval__2sprintf.o)
    0x08008230   0x08008230   0x0000004e   Code   RO         6433    .text               c_p.l(_printf_pad.o)
    0x0800827e   0x0800827e   0x00000052   Code   RO         6435    .text               c_p.l(_printf_str.o)
    0x080082d0   0x080082d0   0x0000006c   Code   RO         6437    .text               c_p.l(_printf_dec.o)
    0x0800833c   0x0800833c   0x00000058   Code   RO         6442    .text               c_p.l(_printf_hex_int.o)
    0x08008394   0x08008394   0x00000188   Code   RO         6477    .text               c_p.l(__printf_flags_ss_wp.o)
    0x0800851c   0x0800851c   0x00000076   Code   RO         6485    .text               c_p.l(strtoul.o)
    0x08008592   0x08008592   0x0000002a   Code   RO         6490    .text               c_p.l(aeabi_atexit.o)
    0x080085bc   0x080085bc   0x00000008   Code   RO         6493    .text               c_p.l(strtok_r.o)
    0x080085c4   0x080085c4   0x000000a0   Code   RO         6495    .text               c_p.l(strncmp.o)
    0x08008664   0x08008664   0x00000040   Code   RO         6501    .text               c_p.l(rt_memclr.o)
    0x080086a4   0x080086a4   0x00000022   Code   RO         6503    .text               c_p.l(uread4.o)
    0x080086c6   0x080086c6   0x0000015a   Code   RO         6505    .text               c_p.l(aeabi_sdiv.o)
    0x08008820   0x08008820   0x00000006   Code   RO         6509    .text               c_p.l(heapauxi.o)
    0x08008826   0x08008826   0x00000002   PAD
    0x08008828   0x08008828   0x00000024   Code   RO         6516    .text               c_p.l(init_aeabi.o)
    0x0800884c   0x0800884c   0x00000010   Code   RO         6526    .text               c_p.l(rt_ctype_table.o)
    0x0800885c   0x0800885c   0x00000008   Code   RO         6535    .text               c_p.l(rt_ddtor_pointer_addr_intlibspace.o)
    0x08008864   0x08008864   0x00000008   Code   RO         6540    .text               c_p.l(rt_errno_addr_intlibspace.o)
    0x0800886c   0x0800886c   0x00000062   Code   RO         6544    .text               c_p.l(h1_alloc.o)
    0x080088ce   0x080088ce   0x000000b0   Code   RO         6598    .text               c_p.l(_printf_intcommon.o)
    0x0800897e   0x0800897e   0x00000002   PAD
    0x08008980   0x08008980   0x00000030   Code   RO         6600    .text               c_p.l(_printf_char_common.o)
    0x080089b0   0x080089b0   0x0000000a   Code   RO         6602    .text               c_p.l(_sputc.o)
    0x080089ba   0x080089ba   0x0000002e   Code   RO         6604    .text               c_p.l(_printf_char.o)
    0x080089e8   0x080089e8   0x000000a6   Code   RO         6607    .text               c_p.l(_strtoul.o)
    0x08008a8e   0x08008a8e   0x00000042   Code   RO         6609    .text               c_p.l(cxa_finalize.o)
    0x08008ad0   0x08008ad0   0x00000048   Code   RO         6612    .text               c_p.l(strtok_int.o)
    0x08008b18   0x08008b18   0x00000028   Code   RO         6614    .text               c_p.l(rtudiv10.o)
    0x08008b40   0x08008b40   0x00000008   Code   RO         6661    .text               c_p.l(libspace.o)
    0x08008b48   0x08008b48   0x00000008   Code   RO         6686    .text               c_p.l(rt_heap_descriptor_intlibspace.o)
    0x08008b50   0x08008b50   0x00000008   Code   RO         6691    .text               c_p.l(rt_locale_intlibspace.o)
    0x08008b58   0x08008b58   0x00000004   Code   RO         6693    .text               c_p.l(hguard.o)
    0x08008b5c   0x08008b5c   0x00000088   Code   RO         6695    .text               c_p.l(init_alloc.o)
    0x08008be4   0x08008be4   0x0000000e   Code   RO         6701    .text               c_p.l(h1_init.o)
    0x08008bf2   0x08008bf2   0x0000004c   Code   RO         6703    .text               c_p.l(h1_free.o)
    0x08008c3e   0x08008c3e   0x0000001e   Code   RO         6721    .text               c_p.l(_chval.o)
    0x08008c5c   0x08008c5c   0x00000022   Code   RO         6726    .text               c_p.l(strcspn.o)
    0x08008c7e   0x08008c7e   0x00000020   Code   RO         6728    .text               c_p.l(strspn.o)
    0x08008c9e   0x08008c9e   0x0000003e   Code   RO         6754    .text               c_p.l(sys_stackheap_outer.o)
    0x08008cdc   0x08008cdc   0x00000034   Code   RO         6761    .text               c_p.l(h1_extend.o)
    0x08008d10   0x08008d10   0x00000010   Code   RO         6765    .text               c_p.l(exit.o)
    0x08008d20   0x08008d20   0x0000000c   Code   RO         6771    .text               c_p.l(defsig_rtmem_outer.o)
    0x08008d2c   0x08008d2c   0x00000088   Code   RO         6775    .text               c_p.l(strcmp.o)
    0x08008db4   0x08008db4   0x00000002   Code   RO         6790    .text               c_p.l(use_no_semi.o)
    0x08008db6   0x08008db6   0x00000000   Code   RO         6792    .text               c_p.l(indicate_semi.o)
    0x08008db6   0x08008db6   0x0000000c   Code   RO         6800    .text               c_p.l(defsig_exit.o)
    0x08008dc2   0x08008dc2   0x00000002   PAD
    0x08008dc4   0x08008dc4   0x00000050   Code   RO         6804    .text               c_p.l(defsig_rtmem_inner.o)
    0x08008e14   0x08008e14   0x0000000c   Code   RO         6806    .text               c_p.l(sys_exit.o)
    0x08008e20   0x08008e20   0x00000034   Code   RO         6821    .text               c_p.l(defsig_general.o)
    0x08008e54   0x08008e54   0x0000000c   Code   RO         6823    .text               c_p.l(sys_wrch.o)
    0x08008e60   0x08008e60   0x00000056   Code   RO         6846    .text               c_p.l(__dczerorl2.o)
    0x08008eb6   0x08008eb6   0x0000006c   Code   RO         2749    i.ADC_DMAConvCplt   stm32f0xx_hal_adc.o
    0x08008f22   0x08008f22   0x0000001a   Code   RO         2750    i.ADC_DMAError      stm32f0xx_hal_adc.o
    0x08008f3c   0x08008f3c   0x0000000a   Code   RO         2751    i.ADC_DMAHalfConvCplt  stm32f0xx_hal_adc.o
    0x08008f46   0x08008f46   0x00000002   PAD
    0x08008f48   0x08008f48   0x00000084   Code   RO         2753    i.ADC_Enable        stm32f0xx_hal_adc.o
    0x08008fcc   0x08008fcc   0x00000010   Code   RO         2549    i.DMA1_Channel1_IRQHandler  stm32f0xx_it.o
    0x08008fdc   0x08008fdc   0x00000024   Code   RO         5867    i.DMA_CalcBaseAndBitshift  stm32f0xx_hal_dma.o
    0x08009000   0x08009000   0x00000028   Code   RO         5868    i.DMA_SetConfig     stm32f0xx_hal_dma.o
    0x08009028   0x08009028   0x0000008c   Code   RO         2550    i.EXTI2_3_IRQHandler  stm32f0xx_it.o
    0x080090b4   0x080090b4   0x00000028   Code   RO           12    i.Error_Handler     main.o
    0x080090dc   0x080090dc   0x0000012c   Code   RO         2755    i.HAL_ADC_ConfigChannel  stm32f0xx_hal_adc.o
    0x08009208   0x08009208   0x00000018   Code   RO           13    i.HAL_ADC_ConvCpltCallback  main.o
    0x08009220   0x08009220   0x00000002   Code   RO         2757    i.HAL_ADC_ConvHalfCpltCallback  stm32f0xx_hal_adc.o
    0x08009222   0x08009222   0x00000002   Code   RO         2759    i.HAL_ADC_ErrorCallback  stm32f0xx_hal_adc.o
    0x08009224   0x08009224   0x00000174   Code   RO         2764    i.HAL_ADC_Init      stm32f0xx_hal_adc.o
    0x08009398   0x08009398   0x0000008c   Code   RO         2281    i.HAL_ADC_MspInit   adc.o
    0x08009424   0x08009424   0x000000a0   Code   RO         2771    i.HAL_ADC_Start_DMA  stm32f0xx_hal_adc.o
    0x080094c4   0x080094c4   0x00000030   Code   RO         3010    i.HAL_CRCEx_Init    stm32f0xx_hal_crc_ex.o
    0x080094f4   0x080094f4   0x0000004a   Code   RO         3013    i.HAL_CRCEx_Polynomial_Set  stm32f0xx_hal_crc_ex.o
    0x0800953e   0x0800953e   0x0000005c   Code   RO         2950    i.HAL_CRC_Init      stm32f0xx_hal_crc.o
    0x0800959a   0x0800959a   0x00000002   PAD
    0x0800959c   0x0800959c   0x00000024   Code   RO         2319    i.HAL_CRC_MspInit   crc.o
    0x080095c0   0x080095c0   0x00000048   Code   RO         5870    i.HAL_DMA_Abort_IT  stm32f0xx_hal_dma.o
    0x08009608   0x08009608   0x0000009c   Code   RO         5874    i.HAL_DMA_IRQHandler  stm32f0xx_hal_dma.o
    0x080096a4   0x080096a4   0x00000058   Code   RO         5875    i.HAL_DMA_Init      stm32f0xx_hal_dma.o
    0x080096fc   0x080096fc   0x0000006a   Code   RO         5879    i.HAL_DMA_Start_IT  stm32f0xx_hal_dma.o
    0x08009766   0x08009766   0x0000001c   Code   RO         5199    i.HAL_Delay         stm32f0xx_hal.o
    0x08009782   0x08009782   0x00000002   Code   RO         5806    i.HAL_GPIO_EXTI_Callback  stm32f0xx_hal_gpio.o
    0x08009784   0x08009784   0x00000018   Code   RO         5807    i.HAL_GPIO_EXTI_IRQHandler  stm32f0xx_hal_gpio.o
    0x0800979c   0x0800979c   0x00000158   Code   RO         5808    i.HAL_GPIO_Init     stm32f0xx_hal_gpio.o
    0x080098f4   0x080098f4   0x0000000a   Code   RO         5810    i.HAL_GPIO_ReadPin  stm32f0xx_hal_gpio.o
    0x080098fe   0x080098fe   0x00000008   Code   RO         5811    i.HAL_GPIO_TogglePin  stm32f0xx_hal_gpio.o
    0x08009906   0x08009906   0x0000000c   Code   RO         5812    i.HAL_GPIO_WritePin  stm32f0xx_hal_gpio.o
    0x08009912   0x08009912   0x00000002   PAD
    0x08009914   0x08009914   0x0000000c   Code   RO         5203    i.HAL_GetTick       stm32f0xx_hal.o
    0x08009920   0x08009920   0x00000010   Code   RO         5207    i.HAL_IncTick       stm32f0xx_hal.o
    0x08009930   0x08009930   0x00000020   Code   RO         5208    i.HAL_Init          stm32f0xx_hal.o
    0x08009950   0x08009950   0x00000078   Code   RO         2713    i.HAL_InitTick      stm32f0xx_hal_timebase_tim.o
    0x080099c8   0x080099c8   0x00000028   Code   RO         2693    i.HAL_MspInit       stm32f0xx_hal_msp.o
    0x080099f0   0x080099f0   0x00000014   Code   RO         5965    i.HAL_NVIC_EnableIRQ  stm32f0xx_hal_cortex.o
    0x08009a04   0x08009a04   0x00000008   Code   RO         5969    i.HAL_NVIC_SetPriority  stm32f0xx_hal_cortex.o
    0x08009a0c   0x08009a0c   0x0000001c   Code   RO         5970    i.HAL_NVIC_SystemReset  stm32f0xx_hal_cortex.o
    0x08009a28   0x08009a28   0x00000010   Code   RO         6062    i.HAL_PWR_EnableBkUpAccess  stm32f0xx_hal_pwr.o
    0x08009a38   0x08009a38   0x00000120   Code   RO         5119    i.HAL_RCCEx_PeriphCLKConfig  stm32f0xx_hal_rcc_ex.o
    0x08009b58   0x08009b58   0x00000154   Code   RO         5017    i.HAL_RCC_ClockConfig  stm32f0xx_hal_rcc.o
    0x08009cac   0x08009cac   0x00000038   Code   RO         5021    i.HAL_RCC_GetClockConfig  stm32f0xx_hal_rcc.o
    0x08009ce4   0x08009ce4   0x00000020   Code   RO         5024    i.HAL_RCC_GetPCLK1Freq  stm32f0xx_hal_rcc.o
    0x08009d04   0x08009d04   0x00000088   Code   RO         5025    i.HAL_RCC_GetSysClockFreq  stm32f0xx_hal_rcc.o
    0x08009d8c   0x08009d8c   0x00000050   Code   RO         5026    i.HAL_RCC_MCOConfig  stm32f0xx_hal_rcc.o
    0x08009ddc   0x08009ddc   0x000003d8   Code   RO         5028    i.HAL_RCC_OscConfig  stm32f0xx_hal_rcc.o
    0x0800a1b4   0x0800a1b4   0x0000004c   Code   RO         3203    i.HAL_RTCEx_SetTimeStamp  stm32f0xx_hal_rtc_ex.o
    0x0800a200   0x0800a200   0x000000b4   Code   RO         3056    i.HAL_RTC_Init      stm32f0xx_hal_rtc.o
    0x0800a2b4   0x0800a2b4   0x00000020   Code   RO         2380    i.HAL_RTC_MspInit   rtc.o
    0x0800a2d4   0x0800a2d4   0x000000c8   Code   RO         3062    i.HAL_RTC_SetDate   stm32f0xx_hal_rtc.o
    0x0800a39c   0x0800a39c   0x000000e4   Code   RO         3063    i.HAL_RTC_SetTime   stm32f0xx_hal_rtc.o
    0x0800a480   0x0800a480   0x00000034   Code   RO         3064    i.HAL_RTC_WaitForSynchro  stm32f0xx_hal_rtc.o
    0x0800a4b4   0x0800a4b4   0x000000b8   Code   RO         3404    i.HAL_SPI_Init      stm32f0xx_hal_spi.o
    0x0800a56c   0x0800a56c   0x00000074   Code   RO         2418    i.HAL_SPI_MspInit   spi.o
    0x0800a5e0   0x0800a5e0   0x00000158   Code   RO         3407    i.HAL_SPI_Receive   stm32f0xx_hal_spi.o
    0x0800a738   0x0800a738   0x00000170   Code   RO         3412    i.HAL_SPI_Transmit  stm32f0xx_hal_spi.o
    0x0800a8a8   0x0800a8a8   0x00000248   Code   RO         3413    i.HAL_SPI_TransmitReceive  stm32f0xx_hal_spi.o
    0x0800aaf0   0x0800aaf0   0x00000002   Code   RO         4375    i.HAL_TIMEx_BreakCallback  stm32f0xx_hal_tim_ex.o
    0x0800aaf2   0x0800aaf2   0x00000002   Code   RO         4376    i.HAL_TIMEx_CommutationCallback  stm32f0xx_hal_tim_ex.o
    0x0800aaf4   0x0800aaf4   0x00000060   Code   RO         4377    i.HAL_TIMEx_ConfigBreakDeadTime  stm32f0xx_hal_tim_ex.o
    0x0800ab54   0x0800ab54   0x00000048   Code   RO         4392    i.HAL_TIMEx_MasterConfigSynchronization  stm32f0xx_hal_tim_ex.o
    0x0800ab9c   0x0800ab9c   0x00000034   Code   RO         3738    i.HAL_TIM_Base_Init  stm32f0xx_hal_tim.o
    0x0800abd0   0x0800abd0   0x00000068   Code   RO         2456    i.HAL_TIM_Base_MspInit  tim.o
    0x0800ac38   0x0800ac38   0x00000018   Code   RO         3741    i.HAL_TIM_Base_Start  stm32f0xx_hal_tim.o
    0x0800ac50   0x0800ac50   0x00000016   Code   RO         3743    i.HAL_TIM_Base_Start_IT  stm32f0xx_hal_tim.o
    0x0800ac66   0x0800ac66   0x000000ee   Code   RO         3747    i.HAL_TIM_ConfigClockSource  stm32f0xx_hal_tim.o
    0x0800ad54   0x0800ad54   0x00000002   Code   RO         3769    i.HAL_TIM_IC_CaptureCallback  stm32f0xx_hal_tim.o
    0x0800ad56   0x0800ad56   0x00000162   Code   RO         3782    i.HAL_TIM_IRQHandler  stm32f0xx_hal_tim.o
    0x0800aeb8   0x0800aeb8   0x00000050   Code   RO         3783    i.HAL_TIM_OC_ConfigChannel  stm32f0xx_hal_tim.o
    0x0800af08   0x0800af08   0x00000002   Code   RO         3785    i.HAL_TIM_OC_DelayElapsedCallback  stm32f0xx_hal_tim.o
    0x0800af0a   0x0800af0a   0x00000034   Code   RO         3787    i.HAL_TIM_OC_Init   stm32f0xx_hal_tim.o
    0x0800af3e   0x0800af3e   0x00000002   Code   RO         3789    i.HAL_TIM_OC_MspInit  stm32f0xx_hal_tim.o
    0x0800af40   0x0800af40   0x00000002   Code   RO         3812    i.HAL_TIM_PWM_PulseFinishedCallback  stm32f0xx_hal_tim.o
    0x0800af42   0x0800af42   0x00000002   PAD
    0x0800af44   0x0800af44   0x00000014   Code   RO           14    i.HAL_TIM_PeriodElapsedCallback  main.o
    0x0800af58   0x0800af58   0x00000002   Code   RO         3823    i.HAL_TIM_TriggerCallback  stm32f0xx_hal_tim.o
    0x0800af5a   0x0800af5a   0x00000002   Code   RO         4961    i.HAL_UARTEx_WakeupCallback  stm32f0xx_hal_uart_ex.o
    0x0800af5c   0x0800af5c   0x00000002   Code   RO         4636    i.HAL_UART_ErrorCallback  stm32f0xx_hal_uart.o
    0x0800af5e   0x0800af5e   0x00000002   PAD
    0x0800af60   0x0800af60   0x00000134   Code   RO         4639    i.HAL_UART_IRQHandler  stm32f0xx_hal_uart.o
    0x0800b094   0x0800b094   0x0000006c   Code   RO         4640    i.HAL_UART_Init     stm32f0xx_hal_uart.o
    0x0800b100   0x0800b100   0x000000a8   Code   RO         2506    i.HAL_UART_MspInit  usart.o
    0x0800b1a8   0x0800b1a8   0x00000100   Code   RO         4643    i.HAL_UART_Receive  stm32f0xx_hal_uart.o
    0x0800b2a8   0x0800b2a8   0x00000002   Code   RO         4646    i.HAL_UART_RxCpltCallback  stm32f0xx_hal_uart.o
    0x0800b2aa   0x0800b2aa   0x000000c8   Code   RO         4648    i.HAL_UART_Transmit  stm32f0xx_hal_uart.o
    0x0800b372   0x0800b372   0x00000002   Code   RO         4651    i.HAL_UART_TxCpltCallback  stm32f0xx_hal_uart.o
    0x0800b374   0x0800b374   0x00000002   Code   RO         2551    i.HardFault_Handler  stm32f0xx_it.o
    0x0800b376   0x0800b376   0x00000002   PAD
    0x0800b378   0x0800b378   0x000000a4   Code   RO         2282    i.MX_ADC_Init       adc.o
    0x0800b41c   0x0800b41c   0x0000002c   Code   RO         2320    i.MX_CRC_Init       crc.o
    0x0800b448   0x0800b448   0x00000028   Code   RO         2356    i.MX_DMA_Init       dma.o
    0x0800b470   0x0800b470   0x00000170   Code   RO         2137    i.MX_GPIO_Init      gpio.o
    0x0800b5e0   0x0800b5e0   0x0000008c   Code   RO         2381    i.MX_RTC_Init       rtc.o
    0x0800b66c   0x0800b66c   0x0000004c   Code   RO         2419    i.MX_SPI1_Init      spi.o
    0x0800b6b8   0x0800b6b8   0x0000009c   Code   RO         2457    i.MX_TIM16_Init     tim.o
    0x0800b754   0x0800b754   0x0000006c   Code   RO         2458    i.MX_TIM2_Init      tim.o
    0x0800b7c0   0x0800b7c0   0x00000070   Code   RO         2459    i.MX_TIM3_Init      tim.o
    0x0800b830   0x0800b830   0x00000038   Code   RO         2507    i.MX_USART1_UART_Init  usart.o
    0x0800b868   0x0800b868   0x00000038   Code   RO         2508    i.MX_USART2_UART_Init  usart.o
    0x0800b8a0   0x0800b8a0   0x00000002   Code   RO         2552    i.NMI_Handler       stm32f0xx_it.o
    0x0800b8a2   0x0800b8a2   0x00000002   PAD
    0x0800b8a4   0x0800b8a4   0x00000044   Code   RO         5975    i.NVIC_SetPriority  stm32f0xx_hal_cortex.o
    0x0800b8e8   0x0800b8e8   0x00000002   Code   RO         2553    i.PendSV_Handler    stm32f0xx_it.o
    0x0800b8ea   0x0800b8ea   0x00000010   Code   RO         3065    i.RTC_Bcd2ToByte    stm32f0xx_hal_rtc.o
    0x0800b8fa   0x0800b8fa   0x00000016   Code   RO         3066    i.RTC_ByteToBcd2    stm32f0xx_hal_rtc.o
    0x0800b910   0x0800b910   0x00000038   Code   RO         3067    i.RTC_EnterInitMode  stm32f0xx_hal_rtc.o
    0x0800b948   0x0800b948   0x00000078   Code   RO         3441    i.SPI_EndRxTransaction  stm32f0xx_hal_spi.o
    0x0800b9c0   0x0800b9c0   0x0000004c   Code   RO         3442    i.SPI_EndRxTxTransaction  stm32f0xx_hal_spi.o
    0x0800ba0c   0x0800ba0c   0x00000096   Code   RO         3447    i.SPI_WaitFifoStateUntilTimeout  stm32f0xx_hal_spi.o
    0x0800baa2   0x0800baa2   0x0000008c   Code   RO         3448    i.SPI_WaitFlagStateUntilTimeout  stm32f0xx_hal_spi.o
    0x0800bb2e   0x0800bb2e   0x00000002   Code   RO         2554    i.SVC_Handler       stm32f0xx_it.o
    0x0800bb30   0x0800bb30   0x00000002   Code   RO         2555    i.SysTick_Handler   stm32f0xx_it.o
    0x0800bb32   0x0800bb32   0x00000002   PAD
    0x0800bb34   0x0800bb34   0x0000005c   Code   RO         6392    i.SystemInit        system_stm32f0xx.o
    0x0800bb90   0x0800bb90   0x0000001c   Code   RO         2556    i.TIM16_IRQHandler  stm32f0xx_it.o
    0x0800bbac   0x0800bbac   0x00000010   Code   RO         2557    i.TIM1_BRK_UP_TRG_COM_IRQHandler  stm32f0xx_it.o
    0x0800bbbc   0x0800bbbc   0x00000094   Code   RO         3824    i.TIM_Base_SetConfig  stm32f0xx_hal_tim.o
    0x0800bc50   0x0800bc50   0x00000016   Code   RO         3831    i.TIM_ETR_SetConfig  stm32f0xx_hal_tim.o
    0x0800bc66   0x0800bc66   0x00000010   Code   RO         3832    i.TIM_ITRx_SetConfig  stm32f0xx_hal_tim.o
    0x0800bc76   0x0800bc76   0x00000002   PAD
    0x0800bc78   0x0800bc78   0x00000088   Code   RO         3833    i.TIM_OC1_SetConfig  stm32f0xx_hal_tim.o
    0x0800bd00   0x0800bd00   0x00000080   Code   RO         3834    i.TIM_OC2_SetConfig  stm32f0xx_hal_tim.o
    0x0800bd80   0x0800bd80   0x00000084   Code   RO         3835    i.TIM_OC3_SetConfig  stm32f0xx_hal_tim.o
    0x0800be04   0x0800be04   0x0000006c   Code   RO         3836    i.TIM_OC4_SetConfig  stm32f0xx_hal_tim.o
    0x0800be70   0x0800be70   0x00000022   Code   RO         3838    i.TIM_TI1_ConfigInputStage  stm32f0xx_hal_tim.o
    0x0800be92   0x0800be92   0x00000026   Code   RO         3840    i.TIM_TI2_ConfigInputStage  stm32f0xx_hal_tim.o
    0x0800beb8   0x0800beb8   0x000000ca   Code   RO         4653    i.UART_AdvFeatureConfig  stm32f0xx_hal_uart.o
    0x0800bf82   0x0800bf82   0x00000002   PAD
    0x0800bf84   0x0800bf84   0x00000074   Code   RO         4654    i.UART_CheckIdleState  stm32f0xx_hal_uart.o
    0x0800bff8   0x0800bff8   0x00000014   Code   RO         4655    i.UART_DMAAbortOnError  stm32f0xx_hal_uart.o
    0x0800c00c   0x0800c00c   0x0000001e   Code   RO         4665    i.UART_EndRxTransfer  stm32f0xx_hal_uart.o
    0x0800c02a   0x0800c02a   0x0000001a   Code   RO         4666    i.UART_EndTransmit_IT  stm32f0xx_hal_uart.o
    0x0800c044   0x0800c044   0x0000007a   Code   RO         4668    i.UART_Receive_IT   stm32f0xx_hal_uart.o
    0x0800c0be   0x0800c0be   0x00000002   PAD
    0x0800c0c0   0x0800c0c0   0x0000015c   Code   RO         4669    i.UART_SetConfig    stm32f0xx_hal_uart.o
    0x0800c21c   0x0800c21c   0x00000066   Code   RO         4670    i.UART_Transmit_IT  stm32f0xx_hal_uart.o
    0x0800c282   0x0800c282   0x00000062   Code   RO         4671    i.UART_WaitOnFlagUntilTimeout  stm32f0xx_hal_uart.o
    0x0800c2e4   0x0800c2e4   0x00000010   Code   RO         2558    i.USART1_IRQHandler  stm32f0xx_it.o
    0x0800c2f4   0x0800c2f4   0x000000c0   Code   RO         1455    i._Z12firstSectionv  peripherial_controller.o
    0x0800c3b4   0x0800c3b4   0x000000c0   Code   RO         1456    i._Z13secondSectionv  peripherial_controller.o
    0x0800c474   0x0800c474   0x00000040   Code   RO          818    i._Z14FLASH_If_WritejPhj  flash_if.o
    0x0800c4b4   0x0800c4b4   0x00000014   Code   RO          452    i._Z14Serial_PutByteh  common.o
    0x0800c4c8   0x0800c4c8   0x00000044   Code   RO          453    i._Z14prepare_packetPhS_  common.o
    0x0800c50c   0x0800c50c   0x00000044   Code   RO           15    i._Z14remapMemToSRAMv  main.o
    0x0800c550   0x0800c550   0x000001c4   Code   RO         1810    i._Z14xmodem_receivev  xmodem.o
    0x0800c714   0x0800c714   0x00000038   Code   RO         1811    i._Z15xmodem_calc_crcPht  xmodem.o
    0x0800c74c   0x0800c74c   0x00000020   Code   RO          454    i._Z16Serial_PutStringPKc  common.o
    0x0800c76c   0x0800c76c   0x00000020   Code   RO          455    i._Z17Monitor_PutStringPKc  common.o
    0x0800c78c   0x0800c78c   0x00000098   Code   RO           16    i._Z18SystemClock_Configv  main.o
    0x0800c824   0x0800c824   0x0000002a   Code   RO         1812    i._Z20xmodem_error_handlerPhh  xmodem.o
    0x0800c84e   0x0800c84e   0x00000002   PAD
    0x0800c850   0x0800c850   0x000000c0   Code   RO         1813    i._Z20xmodem_handle_packeth  xmodem.o
    0x0800c910   0x0800c910   0x00000012   Code   RO         1457    i._Z4beepii         peripherial_controller.o
    0x0800c922   0x0800c922   0x00000002   PAD
    0x0800c924   0x0800c924   0x00000054   Code   RO         1458    i._Z4toneii         peripherial_controller.o
    0x0800c978   0x0800c978   0x00000014   Code   RO         1459    i._Z6noTonev        peripherial_controller.o
    0x0800c98c   0x0800c98c   0x00000038   Code   RO          458    i._Z8calc_crcPhi    common.o
    0x0800c9c4   0x0800c9c4   0x00000050   Code   RO         1415    i._Z8dump_memv      menu.o
    0x0800ca14   0x0800ca14   0x00000260   Code   RO         1416    i._Z9Main_Menuv     menu.o
    0x0800cc74   0x0800cc74   0x00000034   Code   RO         1761    i._ZN10STATUS_reg13print_currentEv  status_reg.o
    0x0800cca8   0x0800cca8   0x0000001c   Code   RO         1763    i._ZN10STATUS_reg9get_valueEv  status_reg.o
    0x0800ccc4   0x0800ccc4   0x00000002   Code   RO         1764    i._ZN10STATUS_regC1Ev  status_reg.o
    0x0800ccc6   0x0800ccc6   0x00000002   Code   RO         1765    i._ZN10STATUS_regD1Ev  status_reg.o
    0x0800ccc8   0x0800ccc8   0x0000008c   Code   RO          693    i._ZN11DebugHelper10fast_beepsEv  debug_facilities.o
    0x0800cd54   0x0800cd54   0x0000008c   Code   RO          694    i._ZN11DebugHelper12fast_beeps_2Ev  debug_facilities.o
    0x0800cde0   0x0800cde0   0x0000008c   Code   RO          695    i._ZN11DebugHelper12fast_beeps_3Ev  debug_facilities.o
    0x0800ce6c   0x0800ce6c   0x00000030   Code   RO          696    i._ZN11DebugHelper12update_stateEh  debug_facilities.o
    0x0800ce9c   0x0800ce9c   0x00000084   Code   RO          697    i._ZN11DebugHelper4showEj  debug_facilities.o
    0x0800cf20   0x0800cf20   0x00000038   Code   RO          698    i._ZN11DebugHelper6updateEbbbbb  debug_facilities.o
    0x0800cf58   0x0800cf58   0x0000000a   Code   RO          699    i._ZN11DebugHelper6updateEj  debug_facilities.o
    0x0800cf62   0x0800cf62   0x00000002   PAD
    0x0800cf64   0x0800cf64   0x0000002c   Code   RO          701    i._ZN11DebugHelper9long_beepEv  debug_facilities.o
    0x0800cf90   0x0800cf90   0x0000000e   Code   RO          702    i._ZN11DebugHelperC1Ev  debug_facilities.o
    0x0800cf9e   0x0800cf9e   0x00000002   Code   RO          703    i._ZN11DebugHelperD1Ev  debug_facilities.o
    0x0800cfa0   0x0800cfa0   0x0000004c   Code   RO         1576    i._ZN11Screen_ctrl10print_logoEv  screen_controller.o
    0x0800cfec   0x0800cfec   0x00000020   Code   RO         1577    i._ZN11Screen_ctrl11pass_to_ardEPh  screen_controller.o
    0x0800d00c   0x0800d00c   0x00000018   Code   RO         1578    i._ZN11Screen_ctrl12blank_screenEv  screen_controller.o
    0x0800d024   0x0800d024   0x00000020   Code   RO         1579    i._ZN11Screen_ctrl12clean_screenEj  screen_controller.o
    0x0800d044   0x0800d044   0x0000006c   Code   RO         1580    i._ZN11Screen_ctrl12update_piazoEb  screen_controller.o
    0x0800d0b0   0x0800d0b0   0x00000074   Code   RO         1581    i._ZN11Screen_ctrl14update_batteryEjj  screen_controller.o
    0x0800d124   0x0800d124   0x00000040   Code   RO         1582    i._ZN11Screen_ctrl14update_versionEv  screen_controller.o
    0x0800d164   0x0800d164   0x0000002c   Code   RO         1583    i._ZN11Screen_ctrl15update_pressureEj  screen_controller.o
    0x0800d190   0x0800d190   0x0000008c   Code   RO         1584    i._ZN11Screen_ctrl19check_timer_expiredEv  screen_controller.o
    0x0800d21c   0x0800d21c   0x00000024   Code   RO         1585    i._ZN11Screen_ctrl20update_pulse_counterEj  screen_controller.o
    0x0800d240   0x0800d240   0x000000b8   Code   RO         1586    i._ZN11Screen_ctrl21tx_send_general_errorEj  screen_controller.o
    0x0800d2f8   0x0800d2f8   0x00000198   Code   RO         1587    i._ZN11Screen_ctrl21tx_send_general_errorEjj  screen_controller.o
    0x0800d490   0x0800d490   0x00000068   Code   RO         1588    i._ZN11Screen_ctrl22update_error_remainingEj  screen_controller.o
    0x0800d4f8   0x0800d4f8   0x000000cc   Code   RO         1589    i._ZN11Screen_ctrl27update_remaining_in_percentEjj  screen_controller.o
    0x0800d5c4   0x0800d5c4   0x00000038   Code   RO         1590    i._ZN11Screen_ctrl30update_pulse_counter_remainingEjj  screen_controller.o
    0x0800d5fc   0x0800d5fc   0x00000070   Code   RO         1591    i._ZN11Screen_ctrl6qa_monEbbb  screen_controller.o
    0x0800d66c   0x0800d66c   0x00000020   Code   RO         1593    i._ZN11Screen_ctrlC1Ev  screen_controller.o
    0x0800d68c   0x0800d68c   0x00000002   Code   RO         1594    i._ZN11Screen_ctrlD1Ev  screen_controller.o
    0x0800d68e   0x0800d68e   0x0000001e   Code   RO          301    i._ZN14adc_controller14pressure_checkEv  adc_controller.o
    0x0800d6ac   0x0800d6ac   0x00000040   Code   RO          302    i._ZN14adc_controller15convert_to_voltEv  adc_controller.o
    0x0800d6ec   0x0800d6ec   0x00000014   Code   RO          303    i._ZN14adc_controller18convert_to_celsiusEv  adc_controller.o
    0x0800d700   0x0800d700   0x0000003c   Code   RO          304    i._ZN14adc_controller18serial_comm_to_adcE14select_channel  adc_controller.o
    0x0800d73c   0x0800d73c   0x00000048   Code   RO          305    i._ZN14adc_controller4readE14select_channel  adc_controller.o
    0x0800d784   0x0800d784   0x00000050   Code   RO          306    i._ZN14adc_controller4readEv  adc_controller.o
    0x0800d7d4   0x0800d7d4   0x0000002a   Code   RO          307    i._ZN14adc_controllerC1EP6CS_reg  adc_controller.o
    0x0800d7fe   0x0800d7fe   0x00000002   Code   RO          308    i._ZN14adc_controllerD1Ev  adc_controller.o
    0x0800d800   0x0800d800   0x000000ec   Code   RO          846    i._ZN15main_controller10idle_stateEv  main_controller.o
    0x0800d8ec   0x0800d8ec   0x0000033c   Code   RO          847    i._ZN15main_controller10init_stateEv  main_controller.o
    0x0800dc28   0x0800dc28   0x0000018c   Code   RO          848    i._ZN15main_controller12active_stateEv  main_controller.o
    0x0800ddb4   0x0800ddb4   0x00000048   Code   RO          849    i._ZN15main_controller12update_debugEv  main_controller.o
    0x0800ddfc   0x0800ddfc   0x00000086   Code   RO          850    i._ZN15main_controller12update_stateEv  main_controller.o
    0x0800de82   0x0800de82   0x00000002   PAD
    0x0800de84   0x0800de84   0x0000012c   Code   RO          851    i._ZN15main_controller13added_counterEv  main_controller.o
    0x0800dfb0   0x0800dfb0   0x0000000e   Code   RO         1008    i._ZN15main_controller13is_b_am_validEv  main_controller.o
    0x0800dfbe   0x0800dfbe   0x00000002   PAD
    0x0800dfc0   0x0800dfc0   0x0000002c   Code   RO          852    i._ZN15main_controller14get_apt_pulsesEv  main_controller.o
    0x0800dfec   0x0800dfec   0x00000032   Code   RO          853    i._ZN15main_controller14init_PF_structEP9PF_memory  main_controller.o
    0x0800e01e   0x0800e01e   0x0000000c   Code   RO         1002    i._ZN15main_controller14is_b_apt_validEv  main_controller.o
    0x0800e02a   0x0800e02a   0x0000000c   Code   RO          996    i._ZN15main_controller14is_b_mcu_validEv  main_controller.o
    0x0800e036   0x0800e036   0x00000002   PAD
    0x0800e038   0x0800e038   0x00000024   Code   RO           80    i._ZN15main_controller14read_interlockEv  main.o
    0x0800e05c   0x0800e05c   0x00000080   Code   RO          854    i._ZN15main_controller15fire_is_pressedEv  main_controller.o
    0x0800e0dc   0x0800e0dc   0x0000000c   Code   RO         1014    i._ZN15main_controller15get_un32_cursorEv  main_controller.o
    0x0800e0e8   0x0800e0e8   0x0000000e   Code   RO         1020    i._ZN15main_controller15get_un32_pulsesEv  main_controller.o
    0x0800e0f6   0x0800e0f6   0x00000030   Code   RO          984    i._ZN15main_controller16is_b_pressure_okEv  main_controller.o
    0x0800e126   0x0800e126   0x00000050   Code   RO          978    i._ZN15main_controller17get_current_stateEv  main_controller.o
    0x0800e176   0x0800e176   0x0000002c   Code   RO          855    i._ZN15main_controller17init_before_whileEv  main_controller.o
    0x0800e1a2   0x0800e1a2   0x00000024   Code   RO          856    i._ZN15main_controller19generate_error_codeEv  main_controller.o
    0x0800e1c6   0x0800e1c6   0x00000002   PAD
    0x0800e1c8   0x0800e1c8   0x00000070   Code   RO          990    i._ZN15main_controller19is_b_is_interlockedEv  main_controller.o
    0x0800e238   0x0800e238   0x00000014   Code   RO         1026    i._ZN15main_controller19set_b_motor_runningEb  main_controller.o
    0x0800e24c   0x0800e24c   0x00000038   Code   RO          857    i._ZN15main_controller19update_opto_counterEv  main_controller.o
    0x0800e284   0x0800e284   0x000000a8   Code   RO          858    i._ZN15main_controller20need_to_stall_staticEv  main_controller.o
    0x0800e32c   0x0800e32c   0x00000298   Code   RO          859    i._ZN15main_controller21need_to_stall_dynamicEv  main_controller.o
    0x0800e5c4   0x0800e5c4   0x00000208   Code   RO          861    i._ZN15main_controller30write_out_pulses_on_stop_motorEv  main_controller.o
    0x0800e7cc   0x0800e7cc   0x00000046   Code   RO          862    i._ZN15main_controller7get_allEv  main_controller.o
    0x0800e812   0x0800e812   0x00000002   PAD
    0x0800e814   0x0800e814   0x000000f0   Code   RO          863    i._ZN15main_controller8qa_stateEv  main_controller.o
    0x0800e904   0x0800e904   0x00000072   Code   RO          864    i._ZN15main_controllerC1EP11DebugHelperP8Mem_ctrlP18PeripherialDevicesP5StateP11Screen_ctrlP14adc_controller  main_controller.o
    0x0800e976   0x0800e976   0x00000002   Code   RO          865    i._ZN15main_controllerD1Ev  main_controller.o
    0x0800e978   0x0800e978   0x0000001c   Code   RO         1460    i._ZN18PeripherialDevices10stop_motorEv  peripherial_controller.o
    0x0800e994   0x0800e994   0x00000020   Code   RO         1461    i._ZN18PeripherialDevices11start_motorEv  peripherial_controller.o
    0x0800e9b4   0x0800e9b4   0x00000012   Code   RO         1462    i._ZN18PeripherialDevices12read_counterEv  peripherial_controller.o
    0x0800e9c6   0x0800e9c6   0x0000001a   Code   RO         1463    i._ZN18PeripherialDevices12toggle_motorEv  peripherial_controller.o
    0x0800e9e0   0x0800e9e0   0x0000000c   Code   RO         1464    i._ZN18PeripherialDevices13clear_counterEv  peripherial_controller.o
    0x0800e9ec   0x0800e9ec   0x0000000a   Code   RO         1465    i._ZN18PeripherialDevices13reverse_motorEv  peripherial_controller.o
    0x0800e9f6   0x0800e9f6   0x00000002   PAD
    0x0800e9f8   0x0800e9f8   0x00000058   Code   RO         1466    i._ZN18PeripherialDevices15start_motor_pwmEv  peripherial_controller.o
    0x0800ea50   0x0800ea50   0x0000001c   Code   RO         1468    i._ZN18PeripherialDevices4readEv  peripherial_controller.o
    0x0800ea6c   0x0800ea6c   0x000000c0   Code   RO         1469    i._ZN18PeripherialDevices9star_warsEv  peripherial_controller.o
    0x0800eb2c   0x0800eb2c   0x0000000a   Code   RO         1470    i._ZN18PeripherialDevicesC1EP6CS_regP10STATUS_reg  peripherial_controller.o
    0x0800eb36   0x0800eb36   0x00000002   Code   RO         1471    i._ZN18PeripherialDevicesD1Ev  peripherial_controller.o
    0x0800eb38   0x0800eb38   0x00000068   Code   RO         1719    i._ZN5State14read_interlockEv  state.o
    0x0800eba0   0x0800eba0   0x000000e4   Code   RO         1720    i._ZN5State15init_first_stepEv  state.o
    0x0800ec84   0x0800ec84   0x0000000a   Code   RO         1721    i._ZN5StateC1Ev     state.o
    0x0800ec8e   0x0800ec8e   0x00000002   Code   RO         1722    i._ZN5StateD1Ev     state.o
    0x0800ec90   0x0800ec90   0x000000ac   Code   RO          568    i._ZN6CS_reg10cs_genericE13GPIO_PinState10cs_decoder  cs_register.o
    0x0800ed3c   0x0800ed3c   0x00000018   Code   RO          570    i._ZN6CS_reg14store_registerEv  cs_register.o
    0x0800ed54   0x0800ed54   0x000000a8   Code   RO          571    i._ZN6CS_reg15motor_cmd_tightEb  cs_register.o
    0x0800edfc   0x0800edfc   0x00000044   Code   RO          572    i._ZN6CS_reg17motor_cmd_reverseEv  cs_register.o
    0x0800ee40   0x0800ee40   0x00000010   Code   RO          574    i._ZN6CS_reg19pull_chipselet_lineE13GPIO_PinState  cs_register.o
    0x0800ee50   0x0800ee50   0x000000ac   Code   RO          575    i._ZN6CS_reg20read_back_current_csEv  cs_register.o
    0x0800eefc   0x0800eefc   0x00000016   Code   RO          576    i._ZN6CS_reg21cs_clear_opto_counterE13GPIO_PinState  cs_register.o
    0x0800ef12   0x0800ef12   0x00000002   PAD
    0x0800ef14   0x0800ef14   0x0000009c   Code   RO          577    i._ZN6CS_reg3cs1E13GPIO_PinState  cs_register.o
    0x0800efb0   0x0800efb0   0x00000016   Code   RO          578    i._ZN6CS_reg3cs2E13GPIO_PinState  cs_register.o
    0x0800efc6   0x0800efc6   0x00000016   Code   RO          579    i._ZN6CS_reg3cs3E13GPIO_PinState  cs_register.o
    0x0800efdc   0x0800efdc   0x00000034   Code   RO          580    i._ZN6CS_reg6cs_a2dE13GPIO_PinState  cs_register.o
    0x0800f010   0x0800f010   0x00000016   Code   RO          581    i._ZN6CS_reg9cs_statusE13GPIO_PinState  cs_register.o
    0x0800f026   0x0800f026   0x00000002   PAD
    0x0800f028   0x0800f028   0x00000040   Code   RO          583    i._ZN6CS_reg9set_valueEh  cs_register.o
    0x0800f068   0x0800f068   0x00000018   Code   RO          584    i._ZN6CS_regC1Ev    cs_register.o
    0x0800f080   0x0800f080   0x00000002   Code   RO          585    i._ZN6CS_regD1Ev    cs_register.o
    0x0800f082   0x0800f082   0x00000002   PAD
    0x0800f084   0x0800f084   0x00000084   Code   RO         1094    i._ZN6Memory12print_statusEv  mem.o
    0x0800f108   0x0800f108   0x00000018   Code   RO         1096    i._ZN6Memory12write_enableEv  mem.o
    0x0800f120   0x0800f120   0x00000018   Code   RO         1097    i._ZN6Memory13write_disableEv  mem.o
    0x0800f138   0x0800f138   0x00000028   Code   RO         1102    i._ZN6Memory21read_status_register1Ev  mem.o
    0x0800f160   0x0800f160   0x00000028   Code   RO         1103    i._ZN6Memory21read_status_register2Ev  mem.o
    0x0800f188   0x0800f188   0x00000020   Code   RO         1104    i._ZN6Memory21write_status_registerEt  mem.o
    0x0800f1a8   0x0800f1a8   0x00000048   Code   RO         1105    i._ZN6Memory4readEj  mem.o
    0x0800f1f0   0x0800f1f0   0x00000034   Code   RO         1106    i._ZN6Memory5eraseEj  mem.o
    0x0800f224   0x0800f224   0x00000018   Code   RO         1107    i._ZN6Memory5eraseEv  mem.o
    0x0800f23c   0x0800f23c   0x00000050   Code   RO         1108    i._ZN6Memory5writeEjj  mem.o
    0x0800f28c   0x0800f28c   0x00000028   Code   RO         1109    i._ZN6Memory6get_idEv  mem.o
    0x0800f2b4   0x0800f2b4   0x0000013c   Code   RO         1110    i._ZN6Memory6read16Ej  mem.o
    0x0800f3f0   0x0800f3f0   0x00000020   Code   RO         1111    i._ZN6Memory8check_idEv  mem.o
    0x0800f410   0x0800f410   0x0000004c   Code   RO         1112    i._ZN6MemoryC1Eh    mem.o
    0x0800f45c   0x0800f45c   0x00000002   Code   RO         1113    i._ZN6MemoryD1Ev    mem.o
    0x0800f45e   0x0800f45e   0x00000002   PAD
    0x0800f460   0x0800f460   0x0000007c   Code   RO         1853    i._ZN7monitor10rx_patternEv  monitor.o
    0x0800f4dc   0x0800f4dc   0x00000048   Code   RO         1854    i._ZN7monitor11rx_set_dateEv  monitor.o
    0x0800f524   0x0800f524   0x00000048   Code   RO         1855    i._ZN7monitor11rx_set_maxiEv  monitor.o
    0x0800f56c   0x0800f56c   0x00000026   Code   RO         1856    i._ZN7monitor12rx_go_activeEv  monitor.o
    0x0800f592   0x0800f592   0x0000000c   Code   RO         1857    i._ZN7monitor12rx_read_backEv  monitor.o
    0x0800f59e   0x0800f59e   0x00000002   PAD
    0x0800f5a0   0x0800f5a0   0x000000dc   Code   RO         1858    i._ZN7monitor12rx_test_readEv  monitor.o
    0x0800f67c   0x0800f67c   0x0000001a   Code   RO         1859    i._ZN7monitor13rx_get_man_idEv  monitor.o
    0x0800f696   0x0800f696   0x00000002   PAD
    0x0800f698   0x0800f698   0x00000068   Code   RO         1860    i._ZN7monitor13rx_set_serialEv  monitor.o
    0x0800f700   0x0800f700   0x00000028   Code   RO         1861    i._ZN7monitor13rx_stop_motorEv  monitor.o
    0x0800f728   0x0800f728   0x00000064   Code   RO         1862    i._ZN7monitor14rx_find_pulsesEv  monitor.o
    0x0800f78c   0x0800f78c   0x00000028   Code   RO         1863    i._ZN7monitor14rx_start_motorEv  monitor.o
    0x0800f7b4   0x0800f7b4   0x0000001a   Code   RO         1864    i._ZN7monitor14rx_status_readEv  monitor.o
    0x0800f7ce   0x0800f7ce   0x00000002   PAD
    0x0800f7d0   0x0800f7d0   0x00000174   Code   RO         1865    i._ZN7monitor14serial_consumeEv  monitor.o
    0x0800f944   0x0800f944   0x0000002a   Code   RO         1866    i._ZN7monitor15rx_status_writeEv  monitor.o
    0x0800f96e   0x0800f96e   0x00000002   PAD
    0x0800f970   0x0800f970   0x00000628   Code   RO         1867    i._ZN7monitor16parse_input_uartEv  monitor.o
    0x0800ff98   0x0800ff98   0x0000000c   Code   RO         1868    i._ZN7monitor16rx_reverse_motorEv  monitor.o
    0x0800ffa4   0x0800ffa4   0x00000018   Code   RO         1869    i._ZN7monitor18rx_status_reg_readEv  monitor.o
    0x0800ffbc   0x0800ffbc   0x000000a0   Code   RO         1870    i._ZN7monitor19rx_get_man_id_checkEv  monitor.o
    0x0801005c   0x0801005c   0x00000056   Code   RO         1871    i._ZN7monitor6rx_adcEv  monitor.o
    0x080100b2   0x080100b2   0x00000002   PAD
    0x080100b4   0x080100b4   0x0000001c   Code   RO         1872    i._ZN7monitor7rx_exitEv  monitor.o
    0x080100d0   0x080100d0   0x0000001a   Code   RO         1874    i._ZN7monitor7rx_nukeEv  monitor.o
    0x080100ea   0x080100ea   0x00000018   Code   RO         1875    i._ZN7monitor7rx_passEv  monitor.o
    0x08010102   0x08010102   0x00000002   PAD
    0x08010104   0x08010104   0x00000068   Code   RO         1876    i._ZN7monitor7rx_readEv  monitor.o
    0x0801016c   0x0801016c   0x0000000c   Code   RO         1877    i._ZN7monitor7rx_scanEhj  monitor.o
    0x08010178   0x08010178   0x0000004c   Code   RO         1878    i._ZN7monitor7rx_scanEv  monitor.o
    0x080101c4   0x080101c4   0x000000a0   Code   RO         1879    i._ZN7monitor8rx_blinkEv  monitor.o
    0x08010264   0x08010264   0x00000014   Code   RO         1880    i._ZN7monitor8rx_debugEv  monitor.o
    0x08010278   0x08010278   0x00000060   Code   RO         1881    i._ZN7monitor8rx_eraseEv  monitor.o
    0x080102d8   0x080102d8   0x000000c0   Code   RO         1882    i._ZN7monitor8rx_writeEv  monitor.o
    0x08010398   0x08010398   0x00000034   Code   RO         1884    i._ZN7monitorC1EP15main_controller  monitor.o
    0x080103cc   0x080103cc   0x00000002   Code   RO         1885    i._ZN7monitorD1Ev   monitor.o
    0x080103ce   0x080103ce   0x00000002   PAD
    0x080103d0   0x080103d0   0x0000004c   Code   RO         1231    i._ZN8Mem_ctrl10get_serialEh  mem_controller.o
    0x0801041c   0x0801041c   0x00000014   Code   RO         1232    i._ZN8Mem_ctrl10get_serialEv  mem_controller.o
    0x08010430   0x08010430   0x000001c4   Code   RO         1233    i._ZN8Mem_ctrl10write_onceEhjj  mem_controller.o
    0x080105f4   0x080105f4   0x00000110   Code   RO         1234    i._ZN8Mem_ctrl13get_ap_offsetEv  mem_controller.o
    0x08010704   0x08010704   0x000000c0   Code   RO         1235    i._ZN8Mem_ctrl13poll_completeEhj  mem_controller.o
    0x080107c4   0x080107c4   0x00000044   Code   RO         1236    i._ZN8Mem_ctrl14print_registerEh  mem_controller.o
    0x08010808   0x08010808   0x00000042   Code   RO         1237    i._ZN8Mem_ctrl14write_registerEht  mem_controller.o
    0x0801084a   0x0801084a   0x00000002   PAD
    0x0801084c   0x0801084c   0x00000308   Code   RO         1238    i._ZN8Mem_ctrl16binary_and_patchEv  mem_controller.o
    0x08010b54   0x08010b54   0x00000038   Code   RO         1239    i._ZN8Mem_ctrl16chip_select_pullEh13GPIO_PinState  mem_controller.o
    0x08010b8c   0x08010b8c   0x00000020   Code   RO         1240    i._ZN8Mem_ctrl17check_connectionsEh  mem_controller.o
    0x08010bac   0x08010bac   0x0000002c   Code   RO         1241    i._ZN8Mem_ctrl17check_connectionsEv  mem_controller.o
    0x08010bd8   0x08010bd8   0x0000003e   Code   RO         1242    i._ZN8Mem_ctrl18read_skip_problemsEhj  mem_controller.o
    0x08010c16   0x08010c16   0x0000000a   Code   RO         1243    i._ZN8Mem_ctrl20read_back_current_csEv  mem_controller.o
    0x08010c20   0x08010c20   0x00000064   Code   RO         1244    i._ZN8Mem_ctrl32check_connections_with_printbackEh  mem_controller.o
    0x08010c84   0x08010c84   0x00000008   Code   RO         1245    i._ZN8Mem_ctrl4readEhj  mem_controller.o
    0x08010c8c   0x08010c8c   0x0000003e   Code   RO         1246    i._ZN8Mem_ctrl5eraseEh  mem_controller.o
    0x08010cca   0x08010cca   0x00000042   Code   RO         1247    i._ZN8Mem_ctrl5eraseEhj  mem_controller.o
    0x08010d0c   0x08010d0c   0x00000026   Code   RO         1248    i._ZN8Mem_ctrl5writeEhjj  mem_controller.o
    0x08010d32   0x08010d32   0x00000002   PAD
    0x08010d34   0x08010d34   0x00000028   Code   RO         1249    i._ZN8Mem_ctrl7get_maxEh  mem_controller.o
    0x08010d5c   0x08010d5c   0x00000010   Code   RO         1250    i._ZN8Mem_ctrl7get_maxEv  mem_controller.o
    0x08010d6c   0x08010d6c   0x00000034   Code   RO         1251    i._ZN8Mem_ctrl7read256Ehj  mem_controller.o
    0x08010da0   0x08010da0   0x00000028   Code   RO         1252    i._ZN8Mem_ctrl8get_dateEh  mem_controller.o
    0x08010dc8   0x08010dc8   0x00000010   Code   RO         1253    i._ZN8Mem_ctrl8get_dateEv  mem_controller.o
    0x08010dd8   0x08010dd8   0x0000000c   Code   RO         1254    i._ZN8Mem_ctrl9LOG_DEBUGEjjjj  mem_controller.o
    0x08010de4   0x08010de4   0x00000098   Code   RO         1255    i._ZN8Mem_ctrl9LOG_WRITEE13stall_log_out  mem_controller.o
    0x08010e7c   0x08010e7c   0x00000024   Code   RO         1256    i._ZN8Mem_ctrl9read_onceEhj  mem_controller.o
    0x08010ea0   0x08010ea0   0x0000000e   Code   RO         1257    i._ZN8Mem_ctrlC1EP6MemoryS1_S1_P6CS_reg  mem_controller.o
    0x08010eae   0x08010eae   0x00000002   Code   RO         1258    i._ZN8Mem_ctrlD1Ev  mem_controller.o
    0x08010eb0   0x08010eb0   0x0000001a   Code   RO           87    i.__ARM_common_switch8  main.o
    0x08010eca   0x08010eca   0x00000012   Code   RO         6519    i.__cxa_guard_acquire  cpprt_p.l(cxa_guard_acquire.o)
    0x08010edc   0x08010edc   0x00000144   Code   RO           17    i.__sti___8_main_cpp_debug  main.o
    0x08011020   0x08011020   0x0000000e   Code   RO         6470    i._is_digit         c_p.l(__printf_wp.o)
    0x0801102e   0x0801102e   0x0000000c   Code   RO         2559    i.cs3               stm32f0xx_it.o
    0x0801103a   0x0801103a   0x00000002   PAD
    0x0801103c   0x0801103c   0x00000034   Code   RO         2560    i.cs_generic        stm32f0xx_it.o
    0x08011070   0x08011070   0x00000018   Code   RO          459    i.delay             common.o
    0x08011088   0x08011088   0x0000002c   Code   RO          460    i.delay_with_watchdog  common.o
    0x080110b4   0x080110b4   0x00000208   Code   RO           18    i.main              main.o
    0x080112bc   0x080112bc   0x00000010   Code   RO         2561    i.pull_chipselet_line  stm32f0xx_it.o
    0x080112cc   0x080112cc   0x00000048   Code   RO         2562    i.read              stm32f0xx_it.o
    0x08011314   0x08011314   0x00000010   Code   RO         2563    i.read_reset_button  stm32f0xx_it.o
    0x08011324   0x08011324   0x0000001c   Code   RO          461    i.read_reset_button_aux  common.o
    0x08011340   0x08011340   0x00000030   Code   RO         2564    i.test_for_reset_press  stm32f0xx_it.o
    0x08011370   0x08011370   0x00000030   Code   RO          462    i.test_for_reset_press_aux  common.o
    0x080113a0   0x080113a0   0x00000016   Code   RO          463    i.translate_address_to_int  common.o
    0x080113b6   0x080113b6   0x0000000c   Code   RO          464    i.translate_int_to_address  common.o
    0x080113c2   0x080113c2   0x00000010   Code   RO          465    i.translate_int_to_arr  common.o
    0x080113d2   0x080113d2   0x00000002   PAD
    0x080113d4   0x080113d4   0x00000050   Code   RO         2565    i.write             stm32f0xx_it.o
    0x08011424   0x08011424   0x00000018   Code   RO         2566    i.write_disable     stm32f0xx_it.o
    0x0801143c   0x0801143c   0x00000018   Code   RO         2567    i.write_enable      stm32f0xx_it.o
    0x08011454   0x08011454   0x000000b8   Code   RO         2568    i.write_once        stm32f0xx_it.o
    0x0801150c   0x0801150c   0x0000002c   Code   RO         6724    locale$$code        c_p.l(lc_ctype_c.o)
    0x08011538   0x08011538   0x00000048   Data   RO          887    .constdata          main_controller.o
    0x08011580   0x08011580   0x00000421   Data   RO         1489    .constdata          peripherial_controller.o
    0x080119a1   0x080119a1   0x000001f0   Data   RO         1614    .constdata          screen_controller.o
    0x08011b91   0x08011b91   0x000001a8   Data   RO         1920    .constdata          monitor.o
    0x08011d39   0x08011d39   0x00000010   Data   RO         6393    .constdata          system_stm32f0xx.o
    0x08011d49   0x08011d49   0x00000008   Data   RO         6394    .constdata          system_stm32f0xx.o
    0x08011d51   0x08011d51   0x00000028   Data   RO         6443    .constdata          c_p.l(_printf_hex_int.o)
    0x08011d79   0x08011d79   0x00000011   Data   RO         6478    .constdata          c_p.l(__printf_flags_ss_wp.o)
    0x08011d8a   0x08011d8a   0x00000002   PAD
    0x08011d8c   0x08011d8c   0x000000c5   Data   RO         1135    .conststring        mem.o
    0x08011e51   0x08011e51   0x00000003   PAD
    0x08011e54   0x08011e54   0x0000012d   Data   RO         1420    .conststring        menu.o
    0x08011f81   0x08011f81   0x00000003   PAD
    0x08011f84   0x08011f84   0x00000041   Data   RO         1615    .conststring        screen_controller.o
    0x08011fc5   0x08011fc5   0x00000003   PAD
    0x08011fc8   0x08011fc8   0x0000005e   Data   RO         1772    .conststring        status_reg.o
    0x08012026   0x08012026   0x00000002   PAD
    0x08012028   0x08012028   0x00000020   Data   RO         6844    Region$$Table       anon$$obj.o
    0x08012048   0x08012048   0x00000110   Data   RO         6723    locale$$data        c_p.l(lc_ctype_c.o)
    0x08012158   0x08012158   0x00000004   Data   RO           38    .init_array         main.o
    0x0801215c   0x08012158   0x00000000   Data   RO         6514    .init_array         c_p.l(init_aeabi.o)


    Execution Region RW_IRAM1 (Exec base: 0x20000000, Load base: 0x0801215c, Size: 0x00001978, Max: 0x00004000, ABSOLUTE, COMPRESSED[0x00000108])

    Exec Addr    Load Addr    Size         Type   Attr      Idx    E Section Name        Object

    0x20000000   COMPRESSED   0x000000c0   Data   RW           26    .RAMVectorTable     main.o
    0x200000c0   COMPRESSED   0x00000016   Data   RW           32    .data               main.o
    0x200000d6   COMPRESSED   0x00000002   PAD
    0x200000d8   COMPRESSED   0x00000004   Data   RW           34    .data               main.o
    0x200000dc   COMPRESSED   0x00000001   Data   RW           35    .data               main.o
    0x200000dd   COMPRESSED   0x00000001   Data   RW           36    .data               main.o
    0x200000de   COMPRESSED   0x00000001   Data   RW           37    .data               main.o
    0x200000df   COMPRESSED   0x00000001   PAD
    0x200000e0   COMPRESSED   0x00000002   Data   RW          480    .data               common.o
    0x200000e2   COMPRESSED   0x00000002   PAD
    0x200000e4   COMPRESSED   0x00000004   Data   RW          605    .data               cs_register.o
    0x200000e8   COMPRESSED   0x0000014b   Data   RW          888    .data               main_controller.o
    0x20000233   COMPRESSED   0x00000001   PAD
    0x20000234   COMPRESSED   0x0000002c   Data   RW         1616    .data               screen_controller.o
    0x20000260   COMPRESSED   0x00000008   Data   RW         1818    .data               xmodem.o
    0x20000268   COMPRESSED   0x00000067   Data   RW         1921    .data               monitor.o
    0x200002cf   COMPRESSED   0x00000001   PAD
    0x200002d0   COMPRESSED   0x00000004   Data   RW         2569    .data               stm32f0xx_it.o
    0x200002d4   COMPRESSED   0x00000004   Data   RW         5214    .data               stm32f0xx_hal.o
    0x200002d8   COMPRESSED   0x00000004   Data   RW         6395    .data               system_stm32f0xx.o
    0x200002dc   COMPRESSED   0x00000002   Data   RW           86    .data__ZZN15main_controller14read_interlockEvE7history  main.o
    0x200002de   COMPRESSED   0x00000002   PAD
    0x200002e0        -       0x0000020c   Zero   RW           27    .bss                main.o
    0x200004ec        -       0x00000405   Zero   RW           28    .bss                main.o
    0x200008f1        -       0x00000100   Zero   RW           29    .bss                main.o
    0x200009f1        -       0x00000100   Zero   RW           30    .bss                main.o
    0x20000af1        -       0x00000100   Zero   RW           31    .bss                main.o
    0x20000bf1        -       0x00000078   Zero   RW          886    .bss                main_controller.o
    0x20000c69        -       0x00000224   Zero   RW         1134    .bss                mem.o
    0x20000e8d        -       0x00000091   Zero   RW         1287    .bss                mem_controller.o
    0x20000f1e        -       0x00000014   Zero   RW         1419    .bss                menu.o
    0x20000f32        -       0x00000064   Zero   RW         1771    .bss                status_reg.o
    0x20000f96        -       0x00000064   Zero   RW         1919    .bss                monitor.o
    0x20000ffa   COMPRESSED   0x00000002   PAD
    0x20000ffc        -       0x00000090   Zero   RW         2283    .bss                adc.o
    0x2000108c        -       0x00000024   Zero   RW         2321    .bss                crc.o
    0x200010b0        -       0x00000020   Zero   RW         2382    .bss                rtc.o
    0x200010d0        -       0x00000064   Zero   RW         2420    .bss                spi.o
    0x20001134        -       0x000000c0   Zero   RW         2460    .bss                tim.o
    0x200011f4        -       0x000000e0   Zero   RW         2509    .bss                usart.o
    0x200012d4        -       0x00000040   Zero   RW         2716    .bss                stm32f0xx_hal_timebase_tim.o
    0x20001314        -       0x00000060   Zero   RW         6662    .bss                c_p.l(libspace.o)
    0x20001374   COMPRESSED   0x00000004   PAD
    0x20001378        -       0x00000200   Zero   RW            2    HEAP                startup_stm32f072xb.o
    0x20001578        -       0x00000400   Zero   RW            1    STACK               startup_stm32f072xb.o


==============================================================================

Image component sizes


      Code (inc. data)   RO Data    RW Data    ZI Data      Debug   Object Name

       304         30          0          0        144       1696   adc.o
       370         18          0          0          0      15812   adc_controller.o
       402         46          0          2          0       7025   common.o
        80         16          0          0         36       1387   crc.o
      1006        122          0          4          0       8454   cs_register.o
       726         30          0          0          0       4760   debug_facilities.o
        40          4          0          0          0        702   dma.o
         0          0          0          0          0       6384   error_controller.o
        64          4          0          0          0       1141   flash_if.o
       368         34          0          0          0     535027   gpio.o
      1210        154          4        223       2321     507139   main.o
      4426        548         72        331        120      34445   main_controller.o
       986        198        197          0        548       9458   mem.o
      2780        548          0          0        145      18818   mem_controller.o
       688        480        301          0         20       1135   menu.o
      3938        854        424        103        100      40272   monitor.o
       952         54       1057          0          0       8880   peripherial_controller.o
       172         18          0          0         32       1443   rtc.o
      1774        656        561         44          0      12152   screen_controller.o
       192         18          0          0        100       1561   spi.o
        56         26        192          0       1536        620   startup_stm32f072xb.o
       344         26          0          0          0       2584   state.o
        84         14         94          0        100       2244   status_reg.o
        88         18          0          4          0       2928   stm32f0xx_hal.o
      1112         52          0          0          0       6858   stm32f0xx_hal_adc.o
       124         24          0          0          0       8623   stm32f0xx_hal_cortex.o
        92          0          0          0          0       1051   stm32f0xx_hal_crc.o
       122          4          0          0          0       1772   stm32f0xx_hal_crc_ex.o
       498         14          0          0          0       4682   stm32f0xx_hal_dma.o
       400         36          0          0          0       4416   stm32f0xx_hal_gpio.o
        40          6          0          0          0        790   stm32f0xx_hal_msp.o
        16          4          0          0          0        487   stm32f0xx_hal_pwr.o
      1628        112          0          0          0       5982   stm32f0xx_hal_rcc.o
       288         14          0          0          0       1468   stm32f0xx_hal_rcc_ex.o
       754         18          0          0          0       5500   stm32f0xx_hal_rtc.o
        76          6          0          0          0       1145   stm32f0xx_hal_rtc_ex.o
      1966          0          0          0          0       9170   stm32f0xx_hal_spi.o
      1594         94          0          0          0      14336   stm32f0xx_hal_tim.o
       172          0          0          0          0       3018   stm32f0xx_hal_tim_ex.o
       120         22          0          0         64       1363   stm32f0xx_hal_timebase_tim.o
      1942         56          0          0          0      12642   stm32f0xx_hal_uart.o
         2          0          0          0          0        944   stm32f0xx_hal_uart_ex.o
       754         82          0          4          0      10715   stm32f0xx_it.o
        92         16         24          4          0       1103   system_stm32f0xx.o
       480         46          0          0        192       2914   tim.o
       280         30          0          0        224       2207   usart.o
       742        166          0          8          0       4023   xmodem.o

    ----------------------------------------------------------------------
     34414       4718       2969        736       5684    1331276   Object Totals
         0          0         32          0          0          0   (incl. Generated)
        70          0         11          9          2          0   (incl. Padding)

    ----------------------------------------------------------------------

      Code (inc. data)   RO Data    RW Data    ZI Data      Debug   Library Member Name

        86          0          0          0          0          0   __dczerorl2.o
         8          0          0          0          0         68   __main.o
       392          6         17          0          0         76   __printf_flags_ss_wp.o
        14          0          0          0          0         60   __printf_wp.o
         0          0          0          0          0          0   __rtentry.o
        12          0          0          0          0          0   __rtentry2.o
         6          0          0          0          0          0   __rtentry4.o
        60          8          0          0          0          0   __scatter.o
        28          0          0          0          0          0   __scatter_zi.o
        30          0          0          0          0         60   _chval.o
        46          0          0          0          0        100   _printf_char.o
        48          6          0          0          0         88   _printf_char_common.o
        10          0          0          0          0          0   _printf_d.o
       108         18          0          0          0         76   _printf_dec.o
        88          4         40          0          0         72   _printf_hex_int.o
       176          0          0          0          0         84   _printf_intcommon.o
        78          0          0          0          0        100   _printf_pad.o
         2          0          0          0          0          0   _printf_percent.o
         4          0          0          0          0          0   _printf_percent_end.o
        10          0          0          0          0          0   _printf_s.o
        82          0          0          0          0         72   _printf_str.o
        10          0          0          0          0          0   _printf_u.o
        10          0          0          0          0          0   _printf_x.o
        10          0          0          0          0         60   _sputc.o
       166          0          0          0          0         84   _strtoul.o
        42          0          0          0          0         76   aeabi_atexit.o
       346          0          0          0          0         92   aeabi_sdiv.o
        66          0          0          0          0         76   cxa_finalize.o
        12          0          0          0          0         68   defsig_exit.o
        52          0          0          0          0         72   defsig_general.o
        80         58          0          0          0         68   defsig_rtmem_inner.o
        12          0          0          0          0         68   defsig_rtmem_outer.o
        16          0          0          0          0         68   exit.o
        98          0          0          0          0         72   h1_alloc.o
        52          0          0          0          0         68   h1_extend.o
        76          0          0          0          0         72   h1_free.o
        14          0          0          0          0         76   h1_init.o
         6          0          0          0          0        136   heapauxi.o
         4          0          0          0          0        120   hguard.o
         0          0          0          0          0          0   indicate_semi.o
        36         10          0          0          0         72   init_aeabi.o
       136          0          0          0          0        160   init_alloc.o
        44         10        272          0          0         76   lc_ctype_c.o
         2          0          0          0          0          0   libinit.o
        32          0          0          0          0          0   libinit2.o
         2          0          0          0          0          0   libshutdown.o
         8          0          0          0          0          0   libshutdown2.o
         8          4          0          0         96         68   libspace.o
         0          0          0          0          0          0   maybetermalloc1.o
        40          4          0          0          0         84   noretval__2sprintf.o
        16          4          0          0          0         76   rt_ctype_table.o
         8          4          0          0          0         68   rt_ddtor_pointer_addr_intlibspace.o
         8          4          0          0          0         68   rt_errno_addr_intlibspace.o
         8          4          0          0          0         68   rt_heap_descriptor_intlibspace.o
         8          4          0          0          0         68   rt_locale_intlibspace.o
        64          0          0          0          0        108   rt_memclr.o
        56          0          0          0          0         68   rt_memcpy.o
         2          0          0          0          0          0   rtexit.o
        10          0          0          0          0          0   rtexit2.o
        40          0          0          0          0         60   rtudiv10.o
       136          4          0          0          0         72   strcmp.o
        34          0          0          0          0         72   strcspn.o
       160          6          0          0          0         76   strncmp.o
        32          0          0          0          0         72   strspn.o
        72          6          0          0          0         76   strtok_int.o
         8          0          0          0          0         68   strtok_r.o
       118          0          0          0          0         84   strtoul.o
        12          4          0          0          0         60   sys_exit.o
        62          0          0          0          0         80   sys_stackheap_outer.o
        12          0          0          0          0         68   sys_wrch.o
        34          0          0          0          0         60   uread4.o
         2          0          0          0          0         68   use_no_semi.o
        18          0          0          0          0         60   cxa_guard_acquire.o

    ----------------------------------------------------------------------
      3594        168        331          0        100       4092   Library Totals
         6          0          2          0          4          0   (incl. Padding)

    ----------------------------------------------------------------------

      Code (inc. data)   RO Data    RW Data    ZI Data      Debug   Library Name

      3570        168        329          0         96       4032   c_p.l
        18          0          0          0          0         60   cpprt_p.l

    ----------------------------------------------------------------------
      3594        168        331          0        100       4092   Library Totals

    ----------------------------------------------------------------------

==============================================================================


      Code (inc. data)   RO Data    RW Data    ZI Data      Debug   

     38008       4886       3300        736       5784    1318232   Grand Totals
     38008       4886       3300        264       5784    1318232   ELF Image Totals (compressed)
     38008       4886       3300        264          0          0   ROM Totals

==============================================================================

    Total RO  Size (Code + RO Data)                41308 (  40.34kB)
    Total RW  Size (RW Data + ZI Data)              6520 (   6.37kB)
    Total ROM Size (Code + RO Data + RW Data)      41572 (  40.60kB)

==============================================================================

