<html>
<body>
<pre>
<h1>µVision Build Log</h1>
<h2>Tool Versions:</h2>
IDE-Version: ÂµVision V5.28.0.0
Copyright (C) 2019 ARM Ltd and ARM Germany GmbH. All rights reserved.
License Information: Nick Kuhlik, armenta, LIC=IC9SB-20GCN-JM398-3DM6B-XNR05-KIATQ
 
Tool Versions:
Toolchain:       MDK-ARM Professional  Version: 5.28.0.0
Toolchain Path:  C:\Keil_v5\ARM\ARMCC\Bin
C Compiler:      Armcc.exe V5.06 update 6 (build 750)
Assembler:       Armasm.exe V5.06 update 6 (build 750)
Linker/Locator:  ArmLink.exe V5.06 update 6 (build 750)
Library Manager: ArmAr.exe V5.06 update 6 (build 750)
Hex Converter:   FromElf.exe V5.06 update 6 (build 750)
CPU DLL:         SARMCM3.DLL V5.28.0.0
Dialog DLL:      DARMCM1.DLL V1.19.2.0
Target DLL:      Segger\JL2CM3.dll V2.99.36.0
Dialog DLL:      TARMCM1.DLL V1.14.1.0
 
<h2>Project:</h2>
C:\Users\nicko\source\repos\APTX1_1\MDK-ARM\APTX1_1.uvprojx
Project File Date:  06/18/2020

<h2>Output:</h2>
*** Using Compiler 'V5.06 update 6 (build 750)', folder: 'C:\Keil_v5\ARM\ARMCC\Bin'
Build target 'APTX1_1'
compiling debug_facilities.cpp...
compiling adc_controller.cpp...
..\Core\Src\adc_controller.cpp(127): warning:  #1-D: last line of file ends without a newline
  }
..\Core\Src\adc_controller.cpp: 1 warning, 0 errors
compiling error_controller.cpp...
compiling flash_if.cpp...
compiling cs_register.cpp...
compiling main.cpp...
compiling common.cpp...
compiling main_controller.cpp...
compiling menu.cpp...
compiling peripherial_controller.cpp...
compiling mem.cpp...
compiling mem_controller.cpp...
compiling status_reg.cpp...
compiling xmodem.cpp...
compiling screen_controller.cpp...
compiling state.cpp...
compiling gpio.c...
compiling adc.c...
compiling tim.c...
compiling spi.c...
compiling crc.c...
compiling rtc.c...
compiling monitor.cpp...
compiling dma.c...
compiling usart.c...
compiling stm32f0xx_hal_msp.c...
compiling stm32f0xx_it.c...
linking...
Program Size: Code=38008 RO-data=3300 RW-data=736 ZI-data=5784  
FromELF: creating hex file...
After Build - User command #1: srec_cat.exe APTX1_1\APTX1_1.HEX -Intel -CRop 0x8008000 0x8020000 -offset -0x8008000  -o APTX1_1\APTX1_1.bin -Binary
"APTX1_1\APTX1_1.axf" - 0 Error(s), 1 Warning(s).

<h2>Software Packages used:</h2>

Package Vendor: ARM
                http://www.keil.com/pack/ARM.CMSIS.5.5.1.pack
                ARM.CMSIS.5.5.1
                CMSIS (Cortex Microcontroller Software Interface Standard)
   * Component: CORE Version: 5.2.0

Package Vendor: Keil
                http://www.keil.com/pack/Keil.STM32F0xx_DFP.2.0.0.pack
                Keil.STM32F0xx_DFP.2.0.0
                STMicroelectronics STM32F0 Series Device Support, Drivers and Examples

<h2>Collection of Component include folders:</h2>
  .\RTE\_APTX1_1
  C:\Users\nicko\AppData\Local\Arm\Packs\ARM\CMSIS\5.5.1\CMSIS\Core\Include
  C:\Users\nicko\AppData\Local\Arm\Packs\Keil\STM32F0xx_DFP\2.0.0\Drivers\CMSIS\Device\ST\STM32F0xx\Include

<h2>Collection of Component Files used:</h2>

   * Component: ARM::CMSIS:CORE:5.2.0
Build Time Elapsed:  00:00:32
</pre>
</body>
</html>
